{
  "build_id": "v2.79.29-deepx-prepared-full-without-opencv",
  "checks": {
    "build": true,
    "cold_build_reason_and_boundary": true,
    "current_aliases": true,
    "entrypoints": true,
    "focused_features": true,
    "infrastructure_failure_is_retryable": true,
    "lineage": true,
    "mapping_infeasible_is_negative": true,
    "unknown_is_not_a_cold_build_or_hit": true,
    "version": true
  },
  "failed": [],
  "hardware_execution": "NOT_RUN",
  "status": "PASS",
  "version": "2.79.29"
}
PASS v2.79.29 smoke
