&&&& RUNNING TensorRT.trtexec [TensorRT v100300] # /usr/src/tensorrt/bin/trtexec --loadEngine=/home/nx/native_fifo_evalsets/resnet_yolo26s_20260719_180601/resnet50/benchmark_set/native_trt/full/fp16/full_fp16.engine --loadInputs=input:/home/nx/native_fifo_evalsets/resnet_yolo26s_20260719_180601/resnet50/benchmark_set/native_full_outputs/model=resnet50/backend=native_full_tensorrt/setup=orin_nx_deepx_m1_01/comparison=deepx/runtime_input.bin --iterations=34536 --duration=0 --warmUp=0 --exportTimes=/home/nx/native_fifo_evalsets/resnet_yolo26s_20260719_180601/.energy_replays/native_full_tensorrt__resnet50__full__orin_nx_deepx_m1_01__538ded69ce6f/replay.Tab7gJ/trtexec_iteration_times.json
[07/19/2026-19:44:53] [I] === Model Options ===
[07/19/2026-19:44:53] [I] Format: *
[07/19/2026-19:44:53] [I] Model: 
[07/19/2026-19:44:53] [I] Output:
[07/19/2026-19:44:53] [I] 
[07/19/2026-19:44:53] [I] === System Options ===
[07/19/2026-19:44:53] [I] Device: 0
[07/19/2026-19:44:53] [I] DLACore: 
[07/19/2026-19:44:53] [I] Plugins:
[07/19/2026-19:44:53] [I] setPluginsToSerialize:
[07/19/2026-19:44:53] [I] dynamicPlugins:
[07/19/2026-19:44:53] [I] ignoreParsedPluginLibs: 0
[07/19/2026-19:44:53] [I] 
[07/19/2026-19:44:53] [I] === Inference Options ===
[07/19/2026-19:44:53] [I] Batch: Explicit
[07/19/2026-19:44:53] [I] Input inference shapes: model
[07/19/2026-19:44:53] [I] Iterations: 34536
[07/19/2026-19:44:53] [I] Duration: 0s (+ 0ms warm up)
[07/19/2026-19:44:53] [I] Sleep time: 0ms
[07/19/2026-19:44:53] [I] Idle time: 0ms
[07/19/2026-19:44:53] [I] Inference Streams: 1
[07/19/2026-19:44:53] [I] ExposeDMA: Disabled
[07/19/2026-19:44:53] [I] Data transfers: Enabled
[07/19/2026-19:44:53] [I] Spin-wait: Disabled
[07/19/2026-19:44:53] [I] Multithreading: Disabled
[07/19/2026-19:44:53] [I] CUDA Graph: Disabled
[07/19/2026-19:44:53] [I] Separate profiling: Disabled
[07/19/2026-19:44:53] [I] Time Deserialize: Disabled
[07/19/2026-19:44:53] [I] Time Refit: Disabled
[07/19/2026-19:44:53] [I] NVTX verbosity: 0
[07/19/2026-19:44:53] [I] Persistent Cache Ratio: 0
[07/19/2026-19:44:53] [I] Optimization Profile Index: 0
[07/19/2026-19:44:53] [I] Weight Streaming Budget: 100.000000%
[07/19/2026-19:44:53] [I] Inputs:
[07/19/2026-19:44:53] [I] input<-/home/nx/native_fifo_evalsets/resnet_yolo26s_20260719_180601/resnet50/benchmark_set/native_full_outputs/model=resnet50/backend=native_full_tensorrt/setup=orin_nx_deepx_m1_01/comparison=deepx/runtime_input.bin
[07/19/2026-19:44:53] [I] Debug Tensor Save Destinations:
[07/19/2026-19:44:53] [I] === Reporting Options ===
[07/19/2026-19:44:53] [I] Verbose: Disabled
[07/19/2026-19:44:53] [I] Averages: 10 inferences
[07/19/2026-19:44:53] [I] Percentiles: 90,95,99
[07/19/2026-19:44:53] [I] Dump refittable layers:Disabled
[07/19/2026-19:44:53] [I] Dump output: Disabled
[07/19/2026-19:44:53] [I] Profile: Disabled
[07/19/2026-19:44:53] [I] Export timing to JSON file: /home/nx/native_fifo_evalsets/resnet_yolo26s_20260719_180601/.energy_replays/native_full_tensorrt__resnet50__full__orin_nx_deepx_m1_01__538ded69ce6f/replay.Tab7gJ/trtexec_iteration_times.json
[07/19/2026-19:44:53] [I] Export output to JSON file: 
[07/19/2026-19:44:53] [I] Export profile to JSON file: 
[07/19/2026-19:44:53] [I] 
[07/19/2026-19:44:53] [I] === Device Information ===
[07/19/2026-19:44:53] [I] Available Devices: 
[07/19/2026-19:44:53] [I]   Device 0: "Orin" UUID: GPU-1f1a543a-b6ba-597d-bc7c-7183bd948029
[07/19/2026-19:44:53] [I] Selected Device: Orin
[07/19/2026-19:44:53] [I] Selected Device ID: 0
[07/19/2026-19:44:53] [I] Selected Device UUID: GPU-1f1a543a-b6ba-597d-bc7c-7183bd948029
[07/19/2026-19:44:53] [I] Compute Capability: 8.7
[07/19/2026-19:44:53] [I] SMs: 8
[07/19/2026-19:44:53] [I] Device Global Memory: 15655 MiB
[07/19/2026-19:44:53] [I] Shared Memory per SM: 164 KiB
[07/19/2026-19:44:53] [I] Memory Bus Width: 256 bits (ECC disabled)
[07/19/2026-19:44:53] [I] Application Compute Clock Rate: 1.173 GHz
[07/19/2026-19:44:53] [I] Application Memory Clock Rate: 1.173 GHz
[07/19/2026-19:44:53] [I] 
[07/19/2026-19:44:53] [I] Note: The application clock rates do not reflect the actual clock rates that the GPU is currently running at.
[07/19/2026-19:44:53] [I] 
[07/19/2026-19:44:53] [I] TensorRT version: 10.3.0
[07/19/2026-19:44:53] [I] Loading standard plugins
[07/19/2026-19:44:53] [I] [TRT] Loaded engine size: 49 MiB
[07/19/2026-19:44:53] [I] Engine deserialized in 0.0983565 sec.
[07/19/2026-19:44:53] [I] [TRT] [MemUsageChange] TensorRT-managed allocation in IExecutionContext creation: CPU +0, GPU +4, now: CPU 0, GPU 52 (MiB)
[07/19/2026-19:44:53] [I] Setting persistentCacheLimit to 0 bytes.
[07/19/2026-19:44:53] [I] Created execution context with device memory size: 3.92383 MiB
[07/19/2026-19:44:53] [I] Using values loaded from /home/nx/native_fifo_evalsets/resnet_yolo26s_20260719_180601/resnet50/benchmark_set/native_full_outputs/model=resnet50/backend=native_full_tensorrt/setup=orin_nx_deepx_m1_01/comparison=deepx/runtime_input.bin for input input
[07/19/2026-19:44:53] [I] Input binding for input with dimensions 1x3x224x224 is created.
[07/19/2026-19:44:53] [I] Output binding for logits with dimensions 1x1000 is created.
[07/19/2026-19:44:53] [I] Starting inference
[native-progress] HEARTBEAT label=native-full-energy-hotloop:tensorrt elapsed=15.0s silence=14.8s
[native-progress] HEARTBEAT label=native-full-energy-hotloop:tensorrt elapsed=30.0s silence=29.8s
[native-progress] HEARTBEAT label=native-full-energy-hotloop:tensorrt elapsed=45.0s silence=44.8s
[07/19/2026-19:45:53] [I] Warmup completed 0 queries over 0 ms
[native-progress] HEARTBEAT label=native-full-energy-hotloop:tensorrt elapsed=60.1s silence=0.0s
[07/19/2026-19:45:53] [I] Timing trace has 34536 queries over 59.8579 s
[07/19/2026-19:45:53] [I] 
[07/19/2026-19:45:53] [I] === Trace details ===
[07/19/2026-19:45:53] [I] Trace averages of 10 runs:
[07/19/2026-19:45:53] [I] Average on 10 runs - GPU latency: 8.99967 ms - Host latency: 9.10256 ms (enqueue 5.427 ms)
[07/19/2026-19:45:53] [I] Average on 10 runs - GPU latency: 2.73343 ms - Host latency: 2.80233 ms (enqueue 0.859444 ms)
[07/19/2026-19:45:53] [I] Average on 10 runs - GPU latency: 2.73296 ms - Host latency: 2.80183 ms (enqueue 0.868586 ms)
[07/19/2026-19:45:53] [I] Average on 10 runs - GPU latency: 2.08968 ms - Host latency: 2.15379 ms (enqueue 0.843736 ms)
[07/19/2026-19:45:53] [I] Average on 10 runs - GPU latency: 1.77806 ms - Host latency: 1.8287 ms (enqueue 0.826453 ms)
[07/19/2026-19:45:53] [I] Average on 10 runs - GPU latency: 1.77613 ms - Host latency: 1.8266 ms (enqueue 0.829265 ms)
[07/19/2026-19:45:53] [I] Average on 10 runs - GPU latency: 1.77854 ms - Host latency: 1.83002 ms (enqueue 0.825696 ms)
[07/19/2026-19:45:53] [I] Average on 10 runs - GPU latency: 1.7367 ms - Host latency: 1.78652 ms (enqueue 0.814645 ms)
[07/19/2026-19:45:53] [I] Average on 10 runs - GPU latency: 1.73343 ms - Host latency: 1.78537 ms (enqueue 0.825162 ms)
[07/19/2026-19:45:53] [I] Average on 10 runs - GPU latency: 1.73229 ms - Host latency: 1.78403 ms (enqueue 0.814262 ms)
[07/19/2026-19:45:53] [I] Average on 10 runs - GPU latency: 1.73222 ms - Host latency: 1.78143 ms (enqueue 0.810333 ms)
[07/19/2026-19:45:53] [I] Average on 10 runs - GPU latency: 1.73122 ms - Host latency: 1.78055 ms (enqueue 0.824295 ms)
[07/19/2026-19:45:53] [I] Average on 10 runs - GPU latency: 1.73136 ms - Host latency: 1.78023 ms (enqueue 0.806943 ms)
[07/19/2026-19:45:53] [I] Average on 10 runs - GPU latency: 1.73194 ms - Host latency: 1.78019 ms (enqueue 0.806189 ms)
[07/19/2026-19:45:53] [I] Average on 10 runs - GPU latency: 1.73253 ms - Host latency: 1.78004 ms (enqueue 0.827536 ms)
[07/19/2026-19:45:53] [I] Average on 10 runs - GPU latency: 1.73085 ms - Host latency: 1.78347 ms (enqueue 0.808194 ms)
[07/19/2026-19:45:53] [I] Average on 10 runs - GPU latency: 1.72981 ms - Host latency: 1.77841 ms (enqueue 0.823755 ms)
[07/19/2026-19:45:53] [I] Average on 10 runs - GPU latency: 1.73147 ms - Host latency: 1.78067 ms (enqueue 0.824564 ms)
[07/19/2026-19:45:53] [I] Average on 10 runs - GPU latency: 1.73204 ms - Host latency: 1.78292 ms (enqueue 0.80697 ms)
[07/19/2026-19:45:53] [I] Average on 10 runs - GPU latency: 1.73201 ms - Host latency: 1.78473 ms (enqueue 0.817538 ms)
[07/19/2026-19:45:53] [I] Average on 10 runs - GPU latency: 1.73259 ms - Host latency: 1.78166 ms (enqueue 0.823468 ms)
[07/19/2026-19:45:53] [I] Average on 10 runs - GPU latency: 1.73103 ms - Host latency: 1.78113 ms (enqueue 0.809482 ms)
[07/19/2026-19:45:53] [I] Average on 10 runs - GPU latency: 1.73424 ms - Host latency: 1.78356 ms (enqueue 0.81207 ms)
[07/19/2026-19:45:53] [I] Average on 10 runs - GPU latency: 1.73162 ms - Host latency: 1.78111 ms (enqueue 0.823254 ms)
[07/19/2026-19:45:53] [I] Average on 10 runs - GPU latency: 1.73074 ms - Host latency: 1.7805 ms (enqueue 0.817993 ms)
[07/19/2026-19:45:53] [I] Average on 10 runs - GPU latency: 1.73257 ms - Host latency: 1.78076 ms (enqueue 0.815588 ms)
[07/19/2026-19:45:53] [I] Average on 10 runs - GPU latency: 1.734 ms - Host latency: 1.78263 ms (enqueue 0.820697 ms)
[07/19/2026-19:45:53] [I] Average on 10 runs - GPU latency: 1.73215 ms - Host latency: 1.78141 ms (enqueue 0.811188 ms)
[07/19/2026-19:45:53] [I] Average on 10 runs - GPU latency: 1.7309 ms - Host latency: 1.78296 ms (enqueue 0.827014 ms)
[07/19/2026-19:45:53] [I] Average on 10 runs - GPU latency: 1.73136 ms - Host latency: 1.78048 ms (enqueue 0.818677 ms)
[07/19/2026-19:45:53] [I] Average on 10 runs - GPU latency: 1.73271 ms - Host latency: 1.78177 ms (enqueue 0.81192 ms)
[07/19/2026-19:45:53] [I] Average on 10 runs - GPU latency: 1.73214 ms - Host latency: 1.77964 ms (enqueue 0.821002 ms)
[07/19/2026-19:45:53] [I] Average on 10 runs - GPU latency: 1.73179 ms - Host latency: 1.78348 ms (enqueue 0.8242 ms)
[07/19/2026-19:45:53] [I] Average on 10 runs - GPU latency: 1.73246 ms - Host latency: 1.7822 ms (enqueue 0.815009 ms)
[07/19/2026-19:45:53] [I] Average on 10 runs - GPU latency: 1.73172 ms - Host latency: 1.77977 ms (enqueue 0.813776 ms)
[07/19/2026-19:45:53] [I] Average on 10 runs - GPU latency: 1.732 ms - Host latency: 1.78044 ms (enqueue 0.822876 ms)
[07/19/2026-19:45:53] [I] Average on 10 runs - GPU latency: 1.73237 ms - Host latency: 1.78093 ms (enqueue 0.820142 ms)
[07/19/2026-19:45:53] [I] Average on 10 runs - GPU latency: 1.73151 ms - Host latency: 1.7793 ms (enqueue 0.814539 ms)
[07/19/2026-19:45:53] [I] Average on 10 runs - GPU latency: 1.73213 ms - Host latency: 1.78152 ms (enqueue 0.814606 ms)
[07/19/2026-19:45:53] [I] Average on 10 runs - GPU latency: 1.73158 ms - Host latency: 1.78026 ms (enqueue 0.80824 ms)
[07/19/2026-19:45:53] [I] Average on 10 runs - GPU latency: 1.7296 ms - Host latency: 1.78389 ms (enqueue 0.821149 ms)
[07/19/2026-19:45:53] [I] Average on 10 runs - GPU latency: 1.73213 ms - Host latency: 1.78165 ms (enqueue 0.819672 ms)
[07/19/2026-19:45:53] [I] Average on 10 runs - GPU latency: 1.73212 ms - Host latency: 1.78305 ms (enqueue 0.820984 ms)
[07/19/2026-19:45:53] [I] Average on 10 runs - GPU latency: 1.73201 ms - Host latency: 1.78372 ms (enqueue 0.815894 ms)
[07/19/2026-19:45:53] [I] Average on 10 runs - GPU latency: 1.73137 ms - Host latency: 1.7795 ms (enqueue 0.818927 ms)
[07/19/2026-19:45:53] [I] Average on 10 runs - GPU latency: 1.73203 ms - Host latency: 1.78148 ms (enqueue 0.815887 ms)
[07/19/2026-19:45:53] [I] Average on 10 runs - GPU latency: 1.73065 ms - Host latency: 1.78027 ms (enqueue 0.812384 ms)
[07/19/2026-19:45:53] [I] Average on 10 runs - GPU latency: 1.73229 ms - Host latency: 1.78306 ms (enqueue 0.824445 ms)
[07/19/2026-19:45:53] [I] Average on 10 runs - GPU latency: 1.73224 ms - Host latency: 1.77957 ms (enqueue 0.825604 ms)
[07/19/2026-19:45:53] [I] Average on 10 runs - GPU latency: 1.73109 ms - Host latency: 1.78126 ms (enqueue 0.815283 ms)
[07/19/2026-19:45:53] [I] Average on 10 runs - GPU latency: 1.73179 ms - Host latency: 1.78081 ms (enqueue 0.818225 ms)
[07/19/2026-19:45:53] [I] Average on 10 runs - GPU latency: 1.73304 ms - Host latency: 1.78702 ms (enqueue 0.830957 ms)
[07/19/2026-19:45:53] [I] Average on 10 runs - GPU latency: 1.73158 ms - Host latency: 1.78312 ms (enqueue 0.828119 ms)
[07/19/2026-19:45:53] [I] Average on 10 runs - GPU latency: 1.73418 ms - Host latency: 1.7834 ms (enqueue 0.833624 ms)
[07/19/2026-19:45:53] [I] Average on 10 runs - GPU latency: 1.73236 ms - Host latency: 1.78 ms (enqueue 0.826477 ms)
[07/19/2026-19:45:53] [I] Average on 10 runs - GPU latency: 1.73042 ms - Host latency: 1.78169 ms (enqueue 0.816589 ms)
[07/19/2026-19:45:53] [I] Average on 10 runs - GPU latency: 1.73308 ms - Host latency: 1.78328 ms (enqueue 0.827539 ms)
[07/19/2026-19:45:53] [I] Average on 10 runs - GPU latency: 1.73225 ms - Host latency: 1.78326 ms (enqueue 0.82074 ms)
[07/19/2026-19:45:53] [I] Average on 10 runs - GPU latency: 1.73054 ms - Host latency: 1.7812 ms (enqueue 0.816516 ms)
[07/19/2026-19:45:53] [I] Average on 10 runs - GPU latency: 1.73062 ms - Host latency: 1.77877 ms (enqueue 0.826318 ms)
[07/19/2026-19:45:53] [I] Average on 10 runs - GPU latency: 1.73218 ms - Host latency: 1.78306 ms (enqueue 0.821509 ms)
[07/19/2026-19:45:53] [I] Average on 10 runs - GPU latency: 1.73217 ms - Host latency: 1.78182 ms (enqueue 0.817187 ms)
[07/19/2026-19:45:53] [I] Average on 10 runs - GPU latency: 1.73383 ms - Host latency: 1.78236 ms (enqueue 0.783704 ms)
[07/19/2026-19:45:53] [I] Average on 10 runs - GPU latency: 1.73113 ms - Host latency: 1.78026 ms (enqueue 0.813318 ms)
[07/19/2026-19:45:53] [I] Average on 10 runs - GPU latency: 1.73154 ms - Host latency: 1.78213 ms (enqueue 0.817175 ms)
[07/19/2026-19:45:53] [I] Average on 10 runs - GPU latency: 1.73085 ms - Host latency: 1.78226 ms (enqueue 0.823755 ms)
[07/19/2026-19:45:53] [I] Average on 10 runs - GPU latency: 1.73217 ms - Host latency: 1.78286 ms (enqueue 0.824646 ms)
[07/19/2026-19:45:53] [I] Average on 10 runs - GPU latency: 1.73439 ms - Host latency: 1.78326 ms (enqueue 0.826477 ms)
[07/19/2026-19:45:53] [I] Average on 10 runs - GPU latency: 1.73073 ms - Host latency: 1.78433 ms (enqueue 0.833948 ms)
[07/19/2026-19:45:53] [I] Average on 10 runs - GPU latency: 1.73048 ms - Host latency: 1.77965 ms (enqueue 0.824097 ms)
[07/19/2026-19:45:53] [I] Average on 10 runs - GPU latency: 1.73311 ms - Host latency: 1.78195 ms (enqueue 0.824695 ms)
[07/19/2026-19:45:53] [I] Average on 10 runs - GPU latency: 1.73313 ms - Host latency: 1.78325 ms (enqueue 0.824487 ms)
[07/19/2026-19:45:53] [I] Average on 10 runs - GPU latency: 1.73115 ms - Host latency: 1.78229 ms (enqueue 0.818518 ms)
[07/19/2026-19:45:53] [I] Average on 10 runs - GPU latency: 1.73198 ms - Host latency: 1.7822 ms (enqueue 0.817029 ms)
[07/19/2026-19:45:53] [I] Average on 10 runs - GPU latency: 1.73199 ms - Host latency: 1.78235 ms (enqueue 0.82384 ms)
[07/19/2026-19:45:53] [I] Average on 10 runs - GPU latency: 1.73235 ms - Host latency: 1.78207 ms (enqueue 0.818445 ms)
[07/19/2026-19:45:53] [I] Average on 10 runs - GPU latency: 1.73149 ms - Host latency: 1.78236 ms (enqueue 0.82301 ms)
[07/19/2026-19:45:53] [I] Average on 10 runs - GPU latency: 1.73046 ms - Host latency: 1.78112 ms (enqueue 0.820984 ms)
[07/19/2026-19:45:53] [I] Average on 10 runs - GPU latency: 1.73103 ms - Host latency: 1.7798 ms (enqueue 0.821814 ms)
[07/19/2026-19:45:53] [I] Average on 10 runs - GPU latency: 1.73328 ms - Host latency: 1.78182 ms (enqueue 0.823096 ms)
[07/19/2026-19:45:53] [I] Average on 10 runs - GPU latency: 1.7327 ms - Host latency: 1.7833 ms (enqueue 0.814624 ms)
[07/19/2026-19:45:53] [I] Average on 10 runs - GPU latency: 1.73359 ms - Host latency: 1.78354 ms (enqueue 0.816858 ms)
[07/19/2026-19:45:53] [I] Average on 10 runs - GPU latency: 1.73229 ms - Host latency: 1.78005 ms (enqueue 0.820264 ms)
[07/19/2026-19:45:53] [I] Average on 10 runs - GPU latency: 1.73071 ms - Host latency: 1.77938 ms (enqueue 0.815015 ms)
[07/19/2026-19:45:53] [I] Average on 10 runs - GPU latency: 1.73279 ms - Host latency: 1.78251 ms (enqueue 0.824719 ms)
[07/19/2026-19:45:53] [I] Average on 10 runs - GPU latency: 1.73049 ms - Host latency: 1.78263 ms (enqueue 0.837268 ms)
[07/19/2026-19:45:53] [I] Average on 10 runs - GPU latency: 1.73331 ms - Host latency: 1.7807 ms (enqueue 0.820239 ms)
[07/19/2026-19:45:53] [I] Average on 10 runs - GPU latency: 1.73059 ms - Host latency: 1.78295 ms (enqueue 0.823535 ms)
[07/19/2026-19:45:53] [I] Average on 10 runs - GPU latency: 1.73087 ms - Host latency: 1.78682 ms (enqueue 0.825 ms)
[07/19/2026-19:45:53] [I] Average on 10 runs - GPU latency: 1.73171 ms - Host latency: 1.7817 ms (enqueue 0.814014 ms)
[07/19/2026-19:45:53] [I] Average on 10 runs - GPU latency: 1.73096 ms - Host latency: 1.78069 ms (enqueue 0.815393 ms)
[07/19/2026-19:45:53] [I] Average on 10 runs - GPU latency: 1.73157 ms - Host latency: 1.78435 ms (enqueue 0.824145 ms)
[07/19/2026-19:45:53] [I] Average on 10 runs - GPU latency: 1.72975 ms - Host latency: 1.77922 ms (enqueue 0.8125 ms)
[07/19/2026-19:45:53] [I] Average on 10 runs - GPU latency: 1.73073 ms - Host latency: 1.77926 ms (enqueue 0.824536 ms)
[07/19/2026-19:45:53] [I] Average on 10 runs - GPU latency: 1.73053 ms - Host latency: 1.78085 ms (enqueue 0.81438 ms)
[07/19/2026-19:45:53] [I] Average on 10 runs - GPU latency: 1.73112 ms - Host latency: 1.78206 ms (enqueue 0.810107 ms)
[07/19/2026-19:45:53] [I] Average on 10 runs - GPU latency: 1.7314 ms - Host latency: 1.7796 ms (enqueue 0.829822 ms)
[07/19/2026-19:45:53] [I] Average on 10 runs - GPU latency: 1.73344 ms - Host latency: 1.78158 ms (enqueue 0.814514 ms)
[07/19/2026-19:45:53] [I] Average on 10 runs - GPU latency: 1.73151 ms - Host latency: 1.78103 ms (enqueue 0.816907 ms)
[07/19/2026-19:45:53] [I] Average on 10 runs - GPU latency: 1.73345 ms - Host latency: 1.78437 ms (enqueue 0.824109 ms)
[07/19/2026-19:45:53] [I] Average on 10 runs - GPU latency: 1.73297 ms - Host latency: 1.7817 ms (enqueue 0.817249 ms)
[07/19/2026-19:45:53] [I] Average on 10 runs - GPU latency: 1.73173 ms - Host latency: 1.77991 ms (enqueue 0.810315 ms)
[07/19/2026-19:45:53] [I] Average on 10 runs - GPU latency: 1.73145 ms - Host latency: 1.78046 ms (enqueue 0.824109 ms)
[07/19/2026-19:45:53] [I] Average on 10 runs - GPU latency: 1.73342 ms - Host latency: 1.78162 ms (enqueue 0.820679 ms)
[07/19/2026-19:45:53] [I] Average on 10 runs - GPU latency: 1.73091 ms - Host latency: 1.7792 ms (enqueue 0.821008 ms)
[07/19/2026-19:45:53] [I] Average on 10 runs - GPU latency: 1.733 ms - Host latency: 1.78265 ms (enqueue 0.818213 ms)
[07/19/2026-19:45:53] [I] Average on 10 runs - GPU latency: 1.73156 ms - Host latency: 1.78163 ms (enqueue 0.817407 ms)
[07/19/2026-19:45:53] [I] Average on 10 runs - GPU latency: 1.73147 ms - Host latency: 1.78307 ms (enqueue 0.822815 ms)
[07/19/2026-19:45:53] [I] Average on 10 runs - GPU latency: 1.73022 ms - Host latency: 1.77957 ms (enqueue 0.814819 ms)
[07/19/2026-19:45:53] [I] Average on 10 runs - GPU latency: 1.73246 ms - Host latency: 1.78264 ms (enqueue 0.823828 ms)
[07/19/2026-19:45:53] [I] Average on 10 runs - GPU latency: 1.73196 ms - Host latency: 1.78335 ms (enqueue 0.824121 ms)
[07/19/2026-19:45:53] [I] Average on 10 runs - GPU latency: 1.73136 ms - Host latency: 1.78339 ms (enqueue 0.822314 ms)
[07/19/2026-19:45:53] [I] Average on 10 runs - GPU latency: 1.73079 ms - Host latency: 1.78225 ms (enqueue 0.829944 ms)
[07/19/2026-19:45:53] [I] Average on 10 runs - GPU latency: 1.7323 ms - Host latency: 1.78269 ms (enqueue 0.819678 ms)
[07/19/2026-19:45:53] [I] Average on 10 runs - GPU latency: 1.73054 ms - Host latency: 1.78096 ms (enqueue 0.815723 ms)
[07/19/2026-19:45:53] [I] Average on 10 runs - GPU latency: 1.73303 ms - Host latency: 1.78279 ms (enqueue 0.814648 ms)
[07/19/2026-19:45:53] [I] Average on 10 runs - GPU latency: 1.7314 ms - Host latency: 1.78137 ms (enqueue 0.819287 ms)
[07/19/2026-19:45:53] [I] Average on 10 runs - GPU latency: 1.73181 ms - Host latency: 1.78394 ms (enqueue 0.819238 ms)
[07/19/2026-19:45:53] [I] Average on 10 runs - GPU latency: 1.73193 ms - Host latency: 1.78054 ms (enqueue 0.820557 ms)
[07/19/2026-19:45:53] [I] Average on 10 runs - GPU latency: 1.73071 ms - Host latency: 1.78113 ms (enqueue 0.826831 ms)
[07/19/2026-19:45:53] [I] Average on 10 runs - GPU latency: 1.73103 ms - Host latency: 1.78362 ms (enqueue 0.819409 ms)
[07/19/2026-19:45:53] [I] Average on 10 runs - GPU latency: 1.73235 ms - Host latency: 1.78142 ms (enqueue 0.817896 ms)
[07/19/2026-19:45:53] [I] Average on 10 runs - GPU latency: 1.73181 ms - Host latency: 1.78271 ms (enqueue 0.820996 ms)
[07/19/2026-19:45:53] [I] Average on 10 runs - GPU latency: 1.73159 ms - Host latency: 1.78291 ms (enqueue 0.812647 ms)
[07/19/2026-19:45:53] [I] Average on 10 runs - GPU latency: 1.7335 ms - Host latency: 1.7854 ms (enqueue 0.841016 ms)
[07/19/2026-19:45:53] [I] Average on 10 runs - GPU latency: 1.73264 ms - Host latency: 1.78091 ms (enqueue 0.8229 ms)
[07/19/2026-19:45:53] [I] Average on 10 runs - GPU latency: 1.73137 ms - Host latency: 1.7801 ms (enqueue 0.820337 ms)
[07/19/2026-19:45:53] [I] Average on 10 runs - GPU latency: 1.73162 ms - Host latency: 1.77935 ms (enqueue 0.839502 ms)
[07/19/2026-19:45:53] [I] Average on 10 runs - GPU latency: 1.7335 ms - Host latency: 1.78252 ms (enqueue 0.817432 ms)
[07/19/2026-19:45:53] [I] Average on 10 runs - GPU latency: 1.73252 ms - Host latency: 1.78335 ms (enqueue 0.825342 ms)
[07/19/2026-19:45:53] [I] Average on 10 runs - GPU latency: 1.73394 ms - Host latency: 1.78279 ms (enqueue 0.83689 ms)
[07/19/2026-19:45:53] [I] Average on 10 runs - GPU latency: 1.73013 ms - Host latency: 1.77949 ms (enqueue 0.825635 ms)
[07/19/2026-19:45:53] [I] Average on 10 runs - GPU latency: 1.73159 ms - Host latency: 1.78083 ms (enqueue 0.818481 ms)
[07/19/2026-19:45:53] [I] Average on 10 runs - GPU latency: 1.73276 ms - Host latency: 1.78213 ms (enqueue 0.826709 ms)
[07/19/2026-19:45:53] [I] Average on 10 runs - GPU latency: 1.73225 ms - Host latency: 1.78167 ms (enqueue 0.816431 ms)
[07/19/2026-19:45:53] [I] Average on 10 runs - GPU latency: 1.73025 ms - Host latency: 1.7822 ms (enqueue 0.823633 ms)
[07/19/2026-19:45:53] [I] Average on 10 runs - GPU latency: 1.73171 ms - Host latency: 1.78237 ms (enqueue 0.835278 ms)
[07/19/2026-19:45:53] [I] Average on 10 runs - GPU latency: 1.7314 ms - Host latency: 1.77988 ms (enqueue 0.817041 ms)
[07/19/2026-19:45:53] [I] Average on 10 runs - GPU latency: 1.73176 ms - Host latency: 1.77888 ms (enqueue 0.817847 ms)
[07/19/2026-19:45:53] [I] Average on 10 runs - GPU latency: 1.73225 ms - Host latency: 1.78162 ms (enqueue 0.831836 ms)
[07/19/2026-19:45:53] [I] Average on 10 runs - GPU latency: 1.73411 ms - Host latency: 1.78306 ms (enqueue 0.823047 ms)
[07/19/2026-19:45:53] [I] Average on 10 runs - GPU latency: 1.73081 ms - Host latency: 1.77842 ms (enqueue 0.818628 ms)
[07/19/2026-19:45:53] [I] Average on 10 runs - GPU latency: 1.73206 ms - Host latency: 1.77957 ms (enqueue 0.830615 ms)
[07/19/2026-19:45:53] [I] Average on 10 runs - GPU latency: 1.73301 ms - Host latency: 1.78369 ms (enqueue 0.818994 ms)
[07/19/2026-19:45:53] [I] Average on 10 runs - GPU latency: 1.73159 ms - Host latency: 1.78345 ms (enqueue 0.819409 ms)
[07/19/2026-19:45:53] [I] Average on 10 runs - GPU latency: 1.73225 ms - Host latency: 1.78372 ms (enqueue 0.826636 ms)
[07/19/2026-19:45:53] [I] Average on 10 runs - GPU latency: 1.73059 ms - Host latency: 1.78152 ms (enqueue 0.827051 ms)
[07/19/2026-19:45:53] [I] Average on 10 runs - GPU latency: 1.73147 ms - Host latency: 1.78291 ms (enqueue 0.829907 ms)
[07/19/2026-19:45:53] [I] Average on 10 runs - GPU latency: 1.73313 ms - Host latency: 1.78523 ms (enqueue 0.827368 ms)
[07/19/2026-19:45:53] [I] Average on 10 runs - GPU latency: 1.7332 ms - Host latency: 1.78188 ms (enqueue 0.820874 ms)
[07/19/2026-19:45:53] [I] Average on 10 runs - GPU latency: 1.73293 ms - Host latency: 1.78386 ms (enqueue 0.819336 ms)
[07/19/2026-19:45:53] [I] Average on 10 runs - GPU latency: 1.73176 ms - Host latency: 1.78269 ms (enqueue 0.827148 ms)
[07/19/2026-19:45:53] [I] Average on 10 runs - GPU latency: 1.73228 ms - Host latency: 1.78035 ms (enqueue 0.822192 ms)
[07/19/2026-19:45:53] [I] Average on 10 runs - GPU latency: 1.73325 ms - Host latency: 1.78171 ms (enqueue 0.826514 ms)
[07/19/2026-19:45:53] [I] Average on 10 runs - GPU latency: 1.73096 ms - Host latency: 1.78035 ms (enqueue 0.823633 ms)
[07/19/2026-19:45:53] [I] Average on 10 runs - GPU latency: 1.73215 ms - Host latency: 1.78254 ms (enqueue 0.820654 ms)
[07/19/2026-19:45:53] [I] Average on 10 runs - GPU latency: 1.73167 ms - Host latency: 1.78157 ms (enqueue 0.816748 ms)
[07/19/2026-19:45:53] [I] Average on 10 runs - GPU latency: 1.7312 ms - Host latency: 1.77964 ms (enqueue 0.824438 ms)
[07/19/2026-19:45:53] [I] Average on 10 runs - GPU latency: 1.73264 ms - Host latency: 1.78335 ms (enqueue 0.825049 ms)
[07/19/2026-19:45:53] [I] Average on 10 runs - GPU latency: 1.73318 ms - Host latency: 1.78228 ms (enqueue 0.816797 ms)
[07/19/2026-19:45:53] [I] Average on 10 runs - GPU latency: 1.73286 ms - Host latency: 1.78235 ms (enqueue 0.830225 ms)
[07/19/2026-19:45:53] [I] Average on 10 runs - GPU latency: 1.73123 ms - Host latency: 1.78401 ms (enqueue 0.824414 ms)
[07/19/2026-19:45:53] [I] Average on 10 runs - GPU latency: 1.73203 ms - Host latency: 1.78606 ms (enqueue 0.832105 ms)
[07/19/2026-19:45:53] [I] Average on 10 runs - GPU latency: 1.73303 ms - Host latency: 1.78242 ms (enqueue 0.827783 ms)
[07/19/2026-19:45:53] [I] Average on 10 runs - GPU latency: 1.73174 ms - Host latency: 1.78271 ms (enqueue 0.825806 ms)
[07/19/2026-19:45:53] [I] Average on 10 runs - GPU latency: 1.73191 ms - Host latency: 1.77949 ms (enqueue 0.814453 ms)
[07/19/2026-19:45:53] [I] Average on 10 runs - GPU latency: 1.73464 ms - Host latency: 1.7842 ms (enqueue 0.825977 ms)
[07/19/2026-19:45:53] [I] Average on 10 runs - GPU latency: 1.73154 ms - Host latency: 1.77944 ms (enqueue 0.826465 ms)
[07/19/2026-19:45:53] [I] Average on 10 runs - GPU latency: 1.73225 ms - Host latency: 1.78091 ms (enqueue 0.828223 ms)
[07/19/2026-19:45:53] [I] Average on 10 runs - GPU latency: 1.73257 ms - Host latency: 1.78301 ms (enqueue 0.82666 ms)
[07/19/2026-19:45:53] [I] Average on 10 runs - GPU latency: 1.73174 ms - Host latency: 1.78179 ms (enqueue 0.830518 ms)
[07/19/2026-19:45:53] [I] Average on 10 runs - GPU latency: 1.73152 ms - Host latency: 1.77932 ms (enqueue 0.823975 ms)
[07/19/2026-19:45:53] [I] Average on 10 runs - GPU latency: 1.73137 ms - Host latency: 1.78167 ms (enqueue 0.832105 ms)
[07/19/2026-19:45:53] [I] Average on 10 runs - GPU latency: 1.73186 ms - Host latency: 1.78333 ms (enqueue 0.821777 ms)
[07/19/2026-19:45:53] [I] Average on 10 runs - GPU latency: 1.7322 ms - Host latency: 1.78274 ms (enqueue 0.823853 ms)
[07/19/2026-19:45:53] [I] Average on 10 runs - GPU latency: 1.73198 ms - Host latency: 1.78218 ms (enqueue 0.823413 ms)
[07/19/2026-19:45:53] [I] Average on 10 runs - GPU latency: 1.73237 ms - Host latency: 1.78127 ms (enqueue 0.831177 ms)
[07/19/2026-19:45:53] [I] Average on 10 runs - GPU latency: 1.73115 ms - Host latency: 1.78005 ms (enqueue 0.818799 ms)
[07/19/2026-19:45:53] [I] Average on 10 runs - GPU latency: 1.73201 ms - Host latency: 1.78262 ms (enqueue 0.825635 ms)
[07/19/2026-19:45:53] [I] Average on 10 runs - GPU latency: 1.73062 ms - Host latency: 1.78125 ms (enqueue 0.827002 ms)
[07/19/2026-19:45:53] [I] Average on 10 runs - GPU latency: 1.73237 ms - Host latency: 1.78257 ms (enqueue 0.827612 ms)
[07/19/2026-19:45:53] [I] Average on 10 runs - GPU latency: 1.73354 ms - Host latency: 1.78262 ms (enqueue 0.813892 ms)
[07/19/2026-19:45:53] [I] Average on 10 runs - GPU latency: 1.73235 ms - Host latency: 1.78506 ms (enqueue 0.827026 ms)
[07/19/2026-19:45:53] [I] Average on 10 runs - GPU latency: 1.73176 ms - Host latency: 1.78157 ms (enqueue 0.831177 ms)
[07/19/2026-19:45:53] [I] Average on 10 runs - GPU latency: 1.73103 ms - Host latency: 1.77876 ms (enqueue 0.822314 ms)
[07/19/2026-19:45:53] [I] Average on 10 runs - GPU latency: 1.73262 ms - Host latency: 1.7813 ms (enqueue 0.829248 ms)
[07/19/2026-19:45:53] [I] Average on 10 runs - GPU latency: 1.73123 ms - Host latency: 1.78452 ms (enqueue 0.82417 ms)
[07/19/2026-19:45:53] [I] Average on 10 runs - GPU latency: 1.73137 ms - Host latency: 1.78096 ms (enqueue 0.820728 ms)
[07/19/2026-19:45:53] [I] Average on 10 runs - GPU latency: 1.73147 ms - Host latency: 1.7793 ms (enqueue 0.820996 ms)
[07/19/2026-19:45:53] [I] Average on 10 runs - GPU latency: 1.73364 ms - Host latency: 1.78367 ms (enqueue 0.826099 ms)
[07/19/2026-19:45:53] [I] Average on 10 runs - GPU latency: 1.73308 ms - Host latency: 1.78198 ms (enqueue 0.824316 ms)
[07/19/2026-19:45:53] [I] Average on 10 runs - GPU latency: 1.73149 ms - Host latency: 1.7824 ms (enqueue 0.819824 ms)
[07/19/2026-19:45:53] [I] Average on 10 runs - GPU latency: 1.73254 ms - Host latency: 1.78274 ms (enqueue 0.81626 ms)
[07/19/2026-19:45:53] [I] Average on 10 runs - GPU latency: 1.73345 ms - Host latency: 1.78223 ms (enqueue 0.826514 ms)
[07/19/2026-19:45:53] [I] Average on 10 runs - GPU latency: 1.73384 ms - Host latency: 1.78176 ms (enqueue 0.828125 ms)
[07/19/2026-19:45:53] [I] Average on 10 runs - GPU latency: 1.73181 ms - Host latency: 1.78291 ms (enqueue 0.828394 ms)
[07/19/2026-19:45:53] [I] Average on 10 runs - GPU latency: 1.73235 ms - Host latency: 1.78184 ms (enqueue 0.812402 ms)
[07/19/2026-19:45:53] [I] Average on 10 runs - GPU latency: 1.73296 ms - Host latency: 1.78181 ms (enqueue 0.82627 ms)
[07/19/2026-19:45:53] [I] Average on 10 runs - GPU latency: 1.73293 ms - Host latency: 1.78254 ms (enqueue 0.82102 ms)
[07/19/2026-19:45:53] [I] Average on 10 runs - GPU latency: 1.7333 ms - Host latency: 1.7854 ms (enqueue 0.816846 ms)
[07/19/2026-19:45:53] [I] ... Omitting 30536 lines
[07/19/2026-19:45:53] [I] Average on 10 runs - GPU latency: 1.72852 ms - Host latency: 1.77891 ms (enqueue 0.821875 ms)
[07/19/2026-19:45:53] [I] Average on 10 runs - GPU latency: 1.72578 ms - Host latency: 1.77656 ms (enqueue 0.825781 ms)
[07/19/2026-19:45:53] [I] Average on 10 runs - GPU latency: 1.72578 ms - Host latency: 1.77656 ms (enqueue 0.817187 ms)
[07/19/2026-19:45:53] [I] Average on 10 runs - GPU latency: 1.72578 ms - Host latency: 1.7793 ms (enqueue 0.827734 ms)
[07/19/2026-19:45:53] [I] Average on 10 runs - GPU latency: 1.72812 ms - Host latency: 1.77695 ms (enqueue 0.812109 ms)
[07/19/2026-19:45:53] [I] Average on 10 runs - GPU latency: 1.72422 ms - Host latency: 1.77539 ms (enqueue 0.820703 ms)
[07/19/2026-19:45:53] [I] Average on 10 runs - GPU latency: 1.72539 ms - Host latency: 1.77461 ms (enqueue 0.820312 ms)
[07/19/2026-19:45:53] [I] Average on 10 runs - GPU latency: 1.72617 ms - Host latency: 1.77578 ms (enqueue 0.812891 ms)
[07/19/2026-19:45:53] [I] Average on 10 runs - GPU latency: 1.72656 ms - Host latency: 1.77773 ms (enqueue 0.810547 ms)
[07/19/2026-19:45:53] [I] Average on 10 runs - GPU latency: 1.72656 ms - Host latency: 1.77773 ms (enqueue 0.826563 ms)
[07/19/2026-19:45:53] [I] Average on 10 runs - GPU latency: 1.72617 ms - Host latency: 1.77578 ms (enqueue 0.821484 ms)
[07/19/2026-19:45:53] [I] Average on 10 runs - GPU latency: 1.72461 ms - Host latency: 1.77383 ms (enqueue 0.81875 ms)
[07/19/2026-19:45:53] [I] Average on 10 runs - GPU latency: 1.72656 ms - Host latency: 1.77734 ms (enqueue 0.823828 ms)
[07/19/2026-19:45:53] [I] Average on 10 runs - GPU latency: 1.72578 ms - Host latency: 1.77539 ms (enqueue 0.828125 ms)
[07/19/2026-19:45:53] [I] Average on 10 runs - GPU latency: 1.725 ms - Host latency: 1.77383 ms (enqueue 0.813281 ms)
[07/19/2026-19:45:53] [I] Average on 10 runs - GPU latency: 1.72695 ms - Host latency: 1.77695 ms (enqueue 0.819531 ms)
[07/19/2026-19:45:53] [I] Average on 10 runs - GPU latency: 1.72539 ms - Host latency: 1.77383 ms (enqueue 0.808594 ms)
[07/19/2026-19:45:53] [I] Average on 10 runs - GPU latency: 1.72578 ms - Host latency: 1.775 ms (enqueue 0.827344 ms)
[07/19/2026-19:45:53] [I] Average on 10 runs - GPU latency: 1.72773 ms - Host latency: 1.77578 ms (enqueue 0.817187 ms)
[07/19/2026-19:45:53] [I] Average on 10 runs - GPU latency: 1.72734 ms - Host latency: 1.77695 ms (enqueue 0.812109 ms)
[07/19/2026-19:45:53] [I] Average on 10 runs - GPU latency: 1.72734 ms - Host latency: 1.775 ms (enqueue 0.809375 ms)
[07/19/2026-19:45:53] [I] Average on 10 runs - GPU latency: 1.72812 ms - Host latency: 1.77773 ms (enqueue 0.817969 ms)
[07/19/2026-19:45:53] [I] Average on 10 runs - GPU latency: 1.72617 ms - Host latency: 1.77891 ms (enqueue 0.825391 ms)
[07/19/2026-19:45:53] [I] Average on 10 runs - GPU latency: 1.72852 ms - Host latency: 1.7793 ms (enqueue 0.842578 ms)
[07/19/2026-19:45:53] [I] Average on 10 runs - GPU latency: 1.72734 ms - Host latency: 1.77773 ms (enqueue 0.820312 ms)
[07/19/2026-19:45:53] [I] Average on 10 runs - GPU latency: 1.72578 ms - Host latency: 1.77773 ms (enqueue 0.819922 ms)
[07/19/2026-19:45:53] [I] Average on 10 runs - GPU latency: 1.72617 ms - Host latency: 1.77578 ms (enqueue 0.834375 ms)
[07/19/2026-19:45:53] [I] Average on 10 runs - GPU latency: 1.72578 ms - Host latency: 1.77383 ms (enqueue 0.813281 ms)
[07/19/2026-19:45:53] [I] Average on 10 runs - GPU latency: 1.72656 ms - Host latency: 1.77617 ms (enqueue 0.827734 ms)
[07/19/2026-19:45:53] [I] Average on 10 runs - GPU latency: 1.725 ms - Host latency: 1.77656 ms (enqueue 0.830078 ms)
[07/19/2026-19:45:53] [I] Average on 10 runs - GPU latency: 1.72812 ms - Host latency: 1.77695 ms (enqueue 0.810156 ms)
[07/19/2026-19:45:53] [I] Average on 10 runs - GPU latency: 1.725 ms - Host latency: 1.77617 ms (enqueue 0.818359 ms)
[07/19/2026-19:45:53] [I] Average on 10 runs - GPU latency: 1.72578 ms - Host latency: 1.77422 ms (enqueue 0.817187 ms)
[07/19/2026-19:45:53] [I] Average on 10 runs - GPU latency: 1.72539 ms - Host latency: 1.775 ms (enqueue 0.816016 ms)
[07/19/2026-19:45:53] [I] Average on 10 runs - GPU latency: 1.7293 ms - Host latency: 1.78008 ms (enqueue 0.825781 ms)
[07/19/2026-19:45:53] [I] Average on 10 runs - GPU latency: 1.72773 ms - Host latency: 1.77773 ms (enqueue 0.821484 ms)
[07/19/2026-19:45:53] [I] Average on 10 runs - GPU latency: 1.72578 ms - Host latency: 1.77266 ms (enqueue 0.817187 ms)
[07/19/2026-19:45:53] [I] Average on 10 runs - GPU latency: 1.72656 ms - Host latency: 1.77539 ms (enqueue 0.827344 ms)
[07/19/2026-19:45:53] [I] Average on 10 runs - GPU latency: 1.72578 ms - Host latency: 1.775 ms (enqueue 0.810547 ms)
[07/19/2026-19:45:53] [I] Average on 10 runs - GPU latency: 1.725 ms - Host latency: 1.77305 ms (enqueue 0.809766 ms)
[07/19/2026-19:45:53] [I] Average on 10 runs - GPU latency: 1.72422 ms - Host latency: 1.77227 ms (enqueue 0.830078 ms)
[07/19/2026-19:45:53] [I] Average on 10 runs - GPU latency: 1.72461 ms - Host latency: 1.77773 ms (enqueue 0.823047 ms)
[07/19/2026-19:45:53] [I] Average on 10 runs - GPU latency: 1.72656 ms - Host latency: 1.77773 ms (enqueue 0.821484 ms)
[07/19/2026-19:45:53] [I] Average on 10 runs - GPU latency: 1.72578 ms - Host latency: 1.77773 ms (enqueue 0.829687 ms)
[07/19/2026-19:45:53] [I] Average on 10 runs - GPU latency: 1.72695 ms - Host latency: 1.775 ms (enqueue 0.814844 ms)
[07/19/2026-19:45:53] [I] Average on 10 runs - GPU latency: 1.72656 ms - Host latency: 1.77773 ms (enqueue 0.819922 ms)
[07/19/2026-19:45:53] [I] Average on 10 runs - GPU latency: 1.725 ms - Host latency: 1.775 ms (enqueue 0.822656 ms)
[07/19/2026-19:45:53] [I] Average on 10 runs - GPU latency: 1.72773 ms - Host latency: 1.77813 ms (enqueue 0.811719 ms)
[07/19/2026-19:45:53] [I] Average on 10 runs - GPU latency: 1.72539 ms - Host latency: 1.77656 ms (enqueue 0.817578 ms)
[07/19/2026-19:45:53] [I] Average on 10 runs - GPU latency: 1.72578 ms - Host latency: 1.78008 ms (enqueue 0.826563 ms)
[07/19/2026-19:45:53] [I] Average on 10 runs - GPU latency: 1.725 ms - Host latency: 1.77422 ms (enqueue 0.815234 ms)
[07/19/2026-19:45:53] [I] Average on 10 runs - GPU latency: 1.72656 ms - Host latency: 1.775 ms (enqueue 0.808984 ms)
[07/19/2026-19:45:53] [I] Average on 10 runs - GPU latency: 1.72656 ms - Host latency: 1.77227 ms (enqueue 0.812109 ms)
[07/19/2026-19:45:53] [I] Average on 10 runs - GPU latency: 1.725 ms - Host latency: 1.77617 ms (enqueue 0.813281 ms)
[07/19/2026-19:45:53] [I] Average on 10 runs - GPU latency: 1.72656 ms - Host latency: 1.77852 ms (enqueue 0.816797 ms)
[07/19/2026-19:45:53] [I] Average on 10 runs - GPU latency: 1.72656 ms - Host latency: 1.775 ms (enqueue 0.805078 ms)
[07/19/2026-19:45:53] [I] Average on 10 runs - GPU latency: 1.72578 ms - Host latency: 1.77422 ms (enqueue 0.811328 ms)
[07/19/2026-19:45:53] [I] Average on 10 runs - GPU latency: 1.72578 ms - Host latency: 1.77344 ms (enqueue 0.819531 ms)
[07/19/2026-19:45:53] [I] Average on 10 runs - GPU latency: 1.72539 ms - Host latency: 1.77539 ms (enqueue 0.821094 ms)
[07/19/2026-19:45:53] [I] Average on 10 runs - GPU latency: 1.72461 ms - Host latency: 1.77344 ms (enqueue 0.8125 ms)
[07/19/2026-19:45:53] [I] Average on 10 runs - GPU latency: 1.72578 ms - Host latency: 1.77695 ms (enqueue 0.824219 ms)
[07/19/2026-19:45:53] [I] Average on 10 runs - GPU latency: 1.72617 ms - Host latency: 1.77578 ms (enqueue 0.813672 ms)
[07/19/2026-19:45:53] [I] Average on 10 runs - GPU latency: 1.72656 ms - Host latency: 1.77305 ms (enqueue 0.814062 ms)
[07/19/2026-19:45:53] [I] Average on 10 runs - GPU latency: 1.72656 ms - Host latency: 1.77578 ms (enqueue 0.814844 ms)
[07/19/2026-19:45:53] [I] Average on 10 runs - GPU latency: 1.72656 ms - Host latency: 1.77539 ms (enqueue 0.815234 ms)
[07/19/2026-19:45:53] [I] Average on 10 runs - GPU latency: 1.72617 ms - Host latency: 1.77734 ms (enqueue 0.825 ms)
[07/19/2026-19:45:53] [I] Average on 10 runs - GPU latency: 1.72656 ms - Host latency: 1.77656 ms (enqueue 0.809766 ms)
[07/19/2026-19:45:53] [I] Average on 10 runs - GPU latency: 1.72539 ms - Host latency: 1.77656 ms (enqueue 0.811328 ms)
[07/19/2026-19:45:53] [I] Average on 10 runs - GPU latency: 1.72539 ms - Host latency: 1.77539 ms (enqueue 0.822656 ms)
[07/19/2026-19:45:53] [I] Average on 10 runs - GPU latency: 1.72578 ms - Host latency: 1.77539 ms (enqueue 0.808594 ms)
[07/19/2026-19:45:53] [I] Average on 10 runs - GPU latency: 1.72656 ms - Host latency: 1.77305 ms (enqueue 0.808203 ms)
[07/19/2026-19:45:53] [I] Average on 10 runs - GPU latency: 1.72969 ms - Host latency: 1.77773 ms (enqueue 0.823047 ms)
[07/19/2026-19:45:53] [I] Average on 10 runs - GPU latency: 1.72617 ms - Host latency: 1.775 ms (enqueue 0.821094 ms)
[07/19/2026-19:45:53] [I] Average on 10 runs - GPU latency: 1.72617 ms - Host latency: 1.77422 ms (enqueue 0.815625 ms)
[07/19/2026-19:45:53] [I] Average on 10 runs - GPU latency: 1.72812 ms - Host latency: 1.77695 ms (enqueue 0.818359 ms)
[07/19/2026-19:45:53] [I] Average on 10 runs - GPU latency: 1.72891 ms - Host latency: 1.7793 ms (enqueue 0.816797 ms)
[07/19/2026-19:45:53] [I] Average on 10 runs - GPU latency: 1.725 ms - Host latency: 1.77461 ms (enqueue 0.826563 ms)
[07/19/2026-19:45:53] [I] Average on 10 runs - GPU latency: 1.72773 ms - Host latency: 1.77695 ms (enqueue 0.814062 ms)
[07/19/2026-19:45:53] [I] Average on 10 runs - GPU latency: 1.72578 ms - Host latency: 1.77461 ms (enqueue 0.810938 ms)
[07/19/2026-19:45:53] [I] Average on 10 runs - GPU latency: 1.72617 ms - Host latency: 1.77578 ms (enqueue 0.828125 ms)
[07/19/2026-19:45:53] [I] Average on 10 runs - GPU latency: 1.72617 ms - Host latency: 1.775 ms (enqueue 0.821484 ms)
[07/19/2026-19:45:53] [I] Average on 10 runs - GPU latency: 1.72617 ms - Host latency: 1.775 ms (enqueue 0.807422 ms)
[07/19/2026-19:45:53] [I] Average on 10 runs - GPU latency: 1.72812 ms - Host latency: 1.77461 ms (enqueue 0.81875 ms)
[07/19/2026-19:45:53] [I] Average on 10 runs - GPU latency: 1.72734 ms - Host latency: 1.77656 ms (enqueue 0.823828 ms)
[07/19/2026-19:45:53] [I] Average on 10 runs - GPU latency: 1.72852 ms - Host latency: 1.77969 ms (enqueue 0.817969 ms)
[07/19/2026-19:45:53] [I] Average on 10 runs - GPU latency: 1.72656 ms - Host latency: 1.77617 ms (enqueue 0.817187 ms)
[07/19/2026-19:45:53] [I] Average on 10 runs - GPU latency: 1.725 ms - Host latency: 1.77383 ms (enqueue 0.811328 ms)
[07/19/2026-19:45:53] [I] Average on 10 runs - GPU latency: 1.72461 ms - Host latency: 1.77227 ms (enqueue 0.816016 ms)
[07/19/2026-19:45:53] [I] Average on 10 runs - GPU latency: 1.725 ms - Host latency: 1.77305 ms (enqueue 0.808594 ms)
[07/19/2026-19:45:53] [I] Average on 10 runs - GPU latency: 1.72695 ms - Host latency: 1.77656 ms (enqueue 0.811328 ms)
[07/19/2026-19:45:53] [I] Average on 10 runs - GPU latency: 1.725 ms - Host latency: 1.77383 ms (enqueue 0.809375 ms)
[07/19/2026-19:45:53] [I] Average on 10 runs - GPU latency: 1.72578 ms - Host latency: 1.77539 ms (enqueue 0.827734 ms)
[07/19/2026-19:45:53] [I] Average on 10 runs - GPU latency: 1.72422 ms - Host latency: 1.77734 ms (enqueue 0.823828 ms)
[07/19/2026-19:45:53] [I] Average on 10 runs - GPU latency: 1.72539 ms - Host latency: 1.77383 ms (enqueue 0.819922 ms)
[07/19/2026-19:45:53] [I] Average on 10 runs - GPU latency: 1.72695 ms - Host latency: 1.77578 ms (enqueue 0.8125 ms)
[07/19/2026-19:45:53] [I] Average on 10 runs - GPU latency: 1.72695 ms - Host latency: 1.77578 ms (enqueue 0.814062 ms)
[07/19/2026-19:45:53] [I] Average on 10 runs - GPU latency: 1.725 ms - Host latency: 1.77656 ms (enqueue 0.832031 ms)
[07/19/2026-19:45:53] [I] Average on 10 runs - GPU latency: 1.72656 ms - Host latency: 1.77656 ms (enqueue 0.813281 ms)
[07/19/2026-19:45:53] [I] Average on 10 runs - GPU latency: 1.72578 ms - Host latency: 1.77461 ms (enqueue 0.808594 ms)
[07/19/2026-19:45:53] [I] Average on 10 runs - GPU latency: 1.72617 ms - Host latency: 1.77656 ms (enqueue 0.833203 ms)
[07/19/2026-19:45:53] [I] Average on 10 runs - GPU latency: 1.72695 ms - Host latency: 1.77617 ms (enqueue 0.811328 ms)
[07/19/2026-19:45:53] [I] Average on 10 runs - GPU latency: 1.72656 ms - Host latency: 1.77578 ms (enqueue 0.818359 ms)
[07/19/2026-19:45:53] [I] Average on 10 runs - GPU latency: 1.72656 ms - Host latency: 1.77578 ms (enqueue 0.817969 ms)
[07/19/2026-19:45:53] [I] Average on 10 runs - GPU latency: 1.72578 ms - Host latency: 1.775 ms (enqueue 0.814062 ms)
[07/19/2026-19:45:53] [I] Average on 10 runs - GPU latency: 1.72656 ms - Host latency: 1.77461 ms (enqueue 0.820703 ms)
[07/19/2026-19:45:53] [I] Average on 10 runs - GPU latency: 1.72617 ms - Host latency: 1.77695 ms (enqueue 0.814453 ms)
[07/19/2026-19:45:53] [I] Average on 10 runs - GPU latency: 1.72461 ms - Host latency: 1.77734 ms (enqueue 0.8125 ms)
[07/19/2026-19:45:53] [I] Average on 10 runs - GPU latency: 1.72656 ms - Host latency: 1.77852 ms (enqueue 0.828906 ms)
[07/19/2026-19:45:53] [I] Average on 10 runs - GPU latency: 1.72461 ms - Host latency: 1.77422 ms (enqueue 0.825 ms)
[07/19/2026-19:45:53] [I] Average on 10 runs - GPU latency: 1.72539 ms - Host latency: 1.77539 ms (enqueue 0.813281 ms)
[07/19/2026-19:45:53] [I] Average on 10 runs - GPU latency: 1.725 ms - Host latency: 1.77227 ms (enqueue 0.812109 ms)
[07/19/2026-19:45:53] [I] Average on 10 runs - GPU latency: 1.72773 ms - Host latency: 1.77852 ms (enqueue 0.814062 ms)
[07/19/2026-19:45:53] [I] Average on 10 runs - GPU latency: 1.72617 ms - Host latency: 1.77695 ms (enqueue 0.826953 ms)
[07/19/2026-19:45:53] [I] Average on 10 runs - GPU latency: 1.725 ms - Host latency: 1.77734 ms (enqueue 0.829297 ms)
[07/19/2026-19:45:53] [I] Average on 10 runs - GPU latency: 1.72617 ms - Host latency: 1.77578 ms (enqueue 0.822656 ms)
[07/19/2026-19:45:53] [I] Average on 10 runs - GPU latency: 1.72617 ms - Host latency: 1.77578 ms (enqueue 0.83125 ms)
[07/19/2026-19:45:53] [I] Average on 10 runs - GPU latency: 1.72578 ms - Host latency: 1.77461 ms (enqueue 0.822266 ms)
[07/19/2026-19:45:53] [I] Average on 10 runs - GPU latency: 1.72422 ms - Host latency: 1.77188 ms (enqueue 0.817187 ms)
[07/19/2026-19:45:53] [I] Average on 10 runs - GPU latency: 1.72812 ms - Host latency: 1.77695 ms (enqueue 0.816406 ms)
[07/19/2026-19:45:53] [I] Average on 10 runs - GPU latency: 1.72695 ms - Host latency: 1.77773 ms (enqueue 0.839063 ms)
[07/19/2026-19:45:53] [I] Average on 10 runs - GPU latency: 1.725 ms - Host latency: 1.77305 ms (enqueue 0.820312 ms)
[07/19/2026-19:45:53] [I] Average on 10 runs - GPU latency: 1.72461 ms - Host latency: 1.77695 ms (enqueue 0.822656 ms)
[07/19/2026-19:45:53] [I] Average on 10 runs - GPU latency: 1.72578 ms - Host latency: 1.77695 ms (enqueue 0.814844 ms)
[07/19/2026-19:45:53] [I] Average on 10 runs - GPU latency: 1.725 ms - Host latency: 1.77422 ms (enqueue 0.814062 ms)
[07/19/2026-19:45:53] [I] Average on 10 runs - GPU latency: 1.72617 ms - Host latency: 1.77539 ms (enqueue 0.819531 ms)
[07/19/2026-19:45:53] [I] Average on 10 runs - GPU latency: 1.72617 ms - Host latency: 1.77266 ms (enqueue 0.803906 ms)
[07/19/2026-19:45:53] [I] Average on 10 runs - GPU latency: 1.72617 ms - Host latency: 1.77539 ms (enqueue 0.802344 ms)
[07/19/2026-19:45:53] [I] Average on 10 runs - GPU latency: 1.725 ms - Host latency: 1.77305 ms (enqueue 0.815625 ms)
[07/19/2026-19:45:53] [I] Average on 10 runs - GPU latency: 1.72656 ms - Host latency: 1.77695 ms (enqueue 0.814453 ms)
[07/19/2026-19:45:53] [I] Average on 10 runs - GPU latency: 1.72578 ms - Host latency: 1.7793 ms (enqueue 0.807813 ms)
[07/19/2026-19:45:53] [I] Average on 10 runs - GPU latency: 1.72617 ms - Host latency: 1.77539 ms (enqueue 0.825781 ms)
[07/19/2026-19:45:53] [I] Average on 10 runs - GPU latency: 1.72695 ms - Host latency: 1.77578 ms (enqueue 0.812109 ms)
[07/19/2026-19:45:53] [I] Average on 10 runs - GPU latency: 1.72734 ms - Host latency: 1.77852 ms (enqueue 0.817969 ms)
[07/19/2026-19:45:53] [I] Average on 10 runs - GPU latency: 1.72539 ms - Host latency: 1.77461 ms (enqueue 0.809766 ms)
[07/19/2026-19:45:53] [I] Average on 10 runs - GPU latency: 1.72617 ms - Host latency: 1.775 ms (enqueue 0.809375 ms)
[07/19/2026-19:45:53] [I] Average on 10 runs - GPU latency: 1.72539 ms - Host latency: 1.775 ms (enqueue 0.816797 ms)
[07/19/2026-19:45:53] [I] Average on 10 runs - GPU latency: 1.72773 ms - Host latency: 1.77617 ms (enqueue 0.814062 ms)
[07/19/2026-19:45:53] [I] Average on 10 runs - GPU latency: 1.72578 ms - Host latency: 1.77344 ms (enqueue 0.807813 ms)
[07/19/2026-19:45:53] [I] Average on 10 runs - GPU latency: 1.72539 ms - Host latency: 1.77383 ms (enqueue 0.809375 ms)
[07/19/2026-19:45:53] [I] Average on 10 runs - GPU latency: 1.72344 ms - Host latency: 1.77344 ms (enqueue 0.812891 ms)
[07/19/2026-19:45:53] [I] Average on 10 runs - GPU latency: 1.72617 ms - Host latency: 1.77539 ms (enqueue 0.811719 ms)
[07/19/2026-19:45:53] [I] Average on 10 runs - GPU latency: 1.72539 ms - Host latency: 1.77461 ms (enqueue 0.823828 ms)
[07/19/2026-19:45:53] [I] Average on 10 runs - GPU latency: 1.72383 ms - Host latency: 1.77656 ms (enqueue 0.826172 ms)
[07/19/2026-19:45:53] [I] Average on 10 runs - GPU latency: 1.72539 ms - Host latency: 1.77578 ms (enqueue 0.835547 ms)
[07/19/2026-19:45:53] [I] Average on 10 runs - GPU latency: 1.72617 ms - Host latency: 1.77617 ms (enqueue 0.823047 ms)
[07/19/2026-19:45:53] [I] Average on 10 runs - GPU latency: 1.725 ms - Host latency: 1.77891 ms (enqueue 0.821484 ms)
[07/19/2026-19:45:53] [I] Average on 10 runs - GPU latency: 1.725 ms - Host latency: 1.77461 ms (enqueue 0.81875 ms)
[07/19/2026-19:45:53] [I] Average on 10 runs - GPU latency: 1.72617 ms - Host latency: 1.77383 ms (enqueue 0.820703 ms)
[07/19/2026-19:45:53] [I] Average on 10 runs - GPU latency: 1.72656 ms - Host latency: 1.77617 ms (enqueue 0.823047 ms)
[07/19/2026-19:45:53] [I] Average on 10 runs - GPU latency: 1.72539 ms - Host latency: 1.77656 ms (enqueue 0.818359 ms)
[07/19/2026-19:45:53] [I] Average on 10 runs - GPU latency: 1.72852 ms - Host latency: 1.77539 ms (enqueue 0.804688 ms)
[07/19/2026-19:45:53] [I] Average on 10 runs - GPU latency: 1.72422 ms - Host latency: 1.77383 ms (enqueue 0.810938 ms)
[07/19/2026-19:45:53] [I] Average on 10 runs - GPU latency: 1.72539 ms - Host latency: 1.77734 ms (enqueue 0.825 ms)
[07/19/2026-19:45:53] [I] Average on 10 runs - GPU latency: 1.72656 ms - Host latency: 1.77578 ms (enqueue 0.815234 ms)
[07/19/2026-19:45:53] [I] Average on 10 runs - GPU latency: 1.72656 ms - Host latency: 1.77969 ms (enqueue 0.816016 ms)
[07/19/2026-19:45:53] [I] Average on 10 runs - GPU latency: 1.72539 ms - Host latency: 1.77344 ms (enqueue 0.820703 ms)
[07/19/2026-19:45:53] [I] Average on 10 runs - GPU latency: 1.72734 ms - Host latency: 1.77734 ms (enqueue 0.817969 ms)
[07/19/2026-19:45:53] [I] Average on 10 runs - GPU latency: 1.72734 ms - Host latency: 1.77695 ms (enqueue 0.817578 ms)
[07/19/2026-19:45:53] [I] Average on 10 runs - GPU latency: 1.72734 ms - Host latency: 1.78047 ms (enqueue 0.815625 ms)
[07/19/2026-19:45:53] [I] Average on 10 runs - GPU latency: 1.725 ms - Host latency: 1.77305 ms (enqueue 0.819922 ms)
[07/19/2026-19:45:53] [I] Average on 10 runs - GPU latency: 1.72656 ms - Host latency: 1.77695 ms (enqueue 0.840625 ms)
[07/19/2026-19:45:53] [I] Average on 10 runs - GPU latency: 1.72578 ms - Host latency: 1.775 ms (enqueue 0.814062 ms)
[07/19/2026-19:45:53] [I] Average on 10 runs - GPU latency: 1.72344 ms - Host latency: 1.77305 ms (enqueue 0.817969 ms)
[07/19/2026-19:45:53] [I] Average on 10 runs - GPU latency: 1.72539 ms - Host latency: 1.77617 ms (enqueue 0.822656 ms)
[07/19/2026-19:45:53] [I] Average on 10 runs - GPU latency: 1.72617 ms - Host latency: 1.77422 ms (enqueue 0.822656 ms)
[07/19/2026-19:45:53] [I] Average on 10 runs - GPU latency: 1.72617 ms - Host latency: 1.77578 ms (enqueue 0.815625 ms)
[07/19/2026-19:45:53] [I] Average on 10 runs - GPU latency: 1.725 ms - Host latency: 1.77656 ms (enqueue 0.832031 ms)
[07/19/2026-19:45:53] [I] Average on 10 runs - GPU latency: 1.72617 ms - Host latency: 1.77617 ms (enqueue 0.819531 ms)
[07/19/2026-19:45:53] [I] Average on 10 runs - GPU latency: 1.72656 ms - Host latency: 1.775 ms (enqueue 0.835156 ms)
[07/19/2026-19:45:53] [I] Average on 10 runs - GPU latency: 1.72539 ms - Host latency: 1.775 ms (enqueue 0.813281 ms)
[07/19/2026-19:45:53] [I] Average on 10 runs - GPU latency: 1.72578 ms - Host latency: 1.77852 ms (enqueue 0.81875 ms)
[07/19/2026-19:45:53] [I] Average on 10 runs - GPU latency: 1.725 ms - Host latency: 1.77539 ms (enqueue 0.820312 ms)
[07/19/2026-19:45:53] [I] Average on 10 runs - GPU latency: 1.72539 ms - Host latency: 1.77266 ms (enqueue 0.821484 ms)
[07/19/2026-19:45:53] [I] Average on 10 runs - GPU latency: 1.725 ms - Host latency: 1.775 ms (enqueue 0.824219 ms)
[07/19/2026-19:45:53] [I] Average on 10 runs - GPU latency: 1.72578 ms - Host latency: 1.775 ms (enqueue 0.817187 ms)
[07/19/2026-19:45:53] [I] Average on 10 runs - GPU latency: 1.72461 ms - Host latency: 1.77422 ms (enqueue 0.809766 ms)
[07/19/2026-19:45:53] [I] Average on 10 runs - GPU latency: 1.72773 ms - Host latency: 1.775 ms (enqueue 0.812891 ms)
[07/19/2026-19:45:53] [I] Average on 10 runs - GPU latency: 1.72539 ms - Host latency: 1.77773 ms (enqueue 0.833203 ms)
[07/19/2026-19:45:53] [I] Average on 10 runs - GPU latency: 1.72617 ms - Host latency: 1.77305 ms (enqueue 0.822656 ms)
[07/19/2026-19:45:53] [I] Average on 10 runs - GPU latency: 1.72422 ms - Host latency: 1.77188 ms (enqueue 0.811328 ms)
[07/19/2026-19:45:53] [I] Average on 10 runs - GPU latency: 1.72461 ms - Host latency: 1.77266 ms (enqueue 0.825 ms)
[07/19/2026-19:45:53] [I] Average on 10 runs - GPU latency: 1.72617 ms - Host latency: 1.77383 ms (enqueue 0.818359 ms)
[07/19/2026-19:45:53] [I] Average on 10 runs - GPU latency: 1.72578 ms - Host latency: 1.77656 ms (enqueue 0.815234 ms)
[07/19/2026-19:45:53] [I] Average on 10 runs - GPU latency: 1.72422 ms - Host latency: 1.77461 ms (enqueue 0.828125 ms)
[07/19/2026-19:45:53] [I] Average on 10 runs - GPU latency: 1.72617 ms - Host latency: 1.77539 ms (enqueue 0.815625 ms)
[07/19/2026-19:45:53] [I] Average on 10 runs - GPU latency: 1.72344 ms - Host latency: 1.77383 ms (enqueue 0.816406 ms)
[07/19/2026-19:45:53] [I] Average on 10 runs - GPU latency: 1.72539 ms - Host latency: 1.77617 ms (enqueue 0.824609 ms)
[07/19/2026-19:45:53] [I] Average on 10 runs - GPU latency: 1.72539 ms - Host latency: 1.77383 ms (enqueue 0.805469 ms)
[07/19/2026-19:45:53] [I] Average on 10 runs - GPU latency: 1.72539 ms - Host latency: 1.77539 ms (enqueue 0.820312 ms)
[07/19/2026-19:45:53] [I] Average on 10 runs - GPU latency: 1.72461 ms - Host latency: 1.77305 ms (enqueue 0.817578 ms)
[07/19/2026-19:45:53] [I] Average on 10 runs - GPU latency: 1.72578 ms - Host latency: 1.78203 ms (enqueue 0.805469 ms)
[07/19/2026-19:45:53] [I] Average on 10 runs - GPU latency: 1.72539 ms - Host latency: 1.77734 ms (enqueue 0.812109 ms)
[07/19/2026-19:45:53] [I] Average on 10 runs - GPU latency: 1.72344 ms - Host latency: 1.77344 ms (enqueue 0.806641 ms)
[07/19/2026-19:45:53] [I] Average on 10 runs - GPU latency: 1.72578 ms - Host latency: 1.77578 ms (enqueue 0.817969 ms)
[07/19/2026-19:45:53] [I] Average on 10 runs - GPU latency: 1.72422 ms - Host latency: 1.77148 ms (enqueue 0.807031 ms)
[07/19/2026-19:45:53] [I] Average on 10 runs - GPU latency: 1.72656 ms - Host latency: 1.775 ms (enqueue 0.810938 ms)
[07/19/2026-19:45:53] [I] Average on 10 runs - GPU latency: 1.72578 ms - Host latency: 1.77422 ms (enqueue 0.806641 ms)
[07/19/2026-19:45:53] [I] Average on 10 runs - GPU latency: 1.72539 ms - Host latency: 1.77383 ms (enqueue 0.825 ms)
[07/19/2026-19:45:53] [I] Average on 10 runs - GPU latency: 1.72695 ms - Host latency: 1.78086 ms (enqueue 0.818359 ms)
[07/19/2026-19:45:53] [I] Average on 10 runs - GPU latency: 1.72578 ms - Host latency: 1.77461 ms (enqueue 0.80625 ms)
[07/19/2026-19:45:53] [I] 
[07/19/2026-19:45:53] [I] === Performance summary ===
[07/19/2026-19:45:53] [I] Throughput: 576.967 qps
[07/19/2026-19:45:53] [I] Latency: min = 1.75391 ms, max = 46.7896 ms, mean = 1.78041 ms, median = 1.77734 ms, percentile(90%) = 1.78516 ms, percentile(95%) = 1.78711 ms, percentile(99%) = 1.79346 ms
[07/19/2026-19:45:53] [I] Enqueue Time: min = 0.441406 ms, max = 46.2842 ms, mean = 0.819799 ms, median = 0.810547 ms, percentile(90%) = 0.859375 ms, percentile(95%) = 0.878906 ms, percentile(99%) = 0.908203 ms
[07/19/2026-19:45:53] [I] H2D Latency: min = 0.0351562 ms, max = 0.147202 ms, mean = 0.0433223 ms, median = 0.0429688 ms, percentile(90%) = 0.0473633 ms, percentile(95%) = 0.0507812 ms, percentile(99%) = 0.0546875 ms
[07/19/2026-19:45:53] [I] GPU Compute Time: min = 1.71484 ms, max = 46.6899 ms, mean = 1.73052 ms, median = 1.72656 ms, percentile(90%) = 1.7334 ms, percentile(95%) = 1.73486 ms, percentile(99%) = 1.73828 ms
[07/19/2026-19:45:53] [I] D2H Latency: min = 0 ms, max = 0.0118713 ms, mean = 0.00644877 ms, median = 0.0065918 ms, percentile(90%) = 0.0078125 ms, percentile(95%) = 0.00854492 ms, percentile(99%) = 0.0117188 ms
[07/19/2026-19:45:53] [I] Total Host Walltime: 59.8579 s
[07/19/2026-19:45:53] [I] Total GPU Compute Time: 59.7654 s
[07/19/2026-19:45:53] [W] * GPU compute time is unstable, with coefficient of variance = 14.4008%.
[07/19/2026-19:45:53] [W]   If not already in use, locking GPU clock frequency or adding --useSpinWait may improve the stability.
[07/19/2026-19:45:53] [I] Explanations of the performance metrics are printed in the verbose logs.
[07/19/2026-19:45:53] [I] 
&&&& PASSED TensorRT.trtexec [TensorRT v100300] # /usr/src/tensorrt/bin/trtexec --loadEngine=/home/nx/native_fifo_evalsets/resnet_yolo26s_20260719_180601/resnet50/benchmark_set/native_trt/full/fp16/full_fp16.engine --loadInputs=input:/home/nx/native_fifo_evalsets/resnet_yolo26s_20260719_180601/resnet50/benchmark_set/native_full_outputs/model=resnet50/backend=native_full_tensorrt/setup=orin_nx_deepx_m1_01/comparison=deepx/runtime_input.bin --iterations=34536 --duration=0 --warmUp=0 --exportTimes=/home/nx/native_fifo_evalsets/resnet_yolo26s_20260719_180601/.energy_replays/native_full_tensorrt__resnet50__full__orin_nx_deepx_m1_01__538ded69ce6f/replay.Tab7gJ/trtexec_iteration_times.json
__SPLITPOINT_WORK_UNITS__=34536
__SPLITPOINT_WORK_UNITS_SOURCE__=verified_full_energy_hotloop:tensorrt_full_hotloop
__SPLITPOINT_WORK_UNITS_EXACT__=1
{"ok": true, "status": "ok", "backend": "native_full_tensorrt", "model": "resnet50", "completed_work_units": 34536, "completed_work_units_source": "verified_full_energy_hotloop", "requested_work_units": 34536, "fresh_report_verified": true, "runtime_input_binding_verified": true, "report": "/home/nx/native_fifo_evalsets/resnet_yolo26s_20260719_180601/.energy_replays/native_full_tensorrt__resnet50__full__orin_nx_deepx_m1_01__538ded69ce6f/replay.Tab7gJ/native_full_energy_hotloop.json", "source_contract_sha256": "538ded69ce6f5bf8e588c24c7ab2e149a1e8f1878df36eda1c4caea35a31285d"}
[native-energy] FRESH_REPORT path=/home/nx/native_fifo_evalsets/resnet_yolo26s_20260719_180601/.energy_replays/native_full_tensorrt__resnet50__full__orin_nx_deepx_m1_01__538ded69ce6f/replay.Tab7gJ/native_full_energy_hotloop.json sha_contract=538ded69ce6f5bf8e588c24c7ab2e149a1e8f1878df36eda1c4caea35a31285d
