&&&& RUNNING TensorRT.trtexec [TensorRT v100300] # /usr/src/tensorrt/bin/trtexec --onnx=/home/nx/hailo8_uint8_bridge_ab_runs/hailo8_uint8_bridge_ab_cache_20260904_070805_1271142/minimal_benchmark_set/native_trt/b038/part2/uint8_cast_fp16/source_part2_uint8_cast_bridge.onnx --saveEngine=/home/nx/hailo8_uint8_bridge_ab_runs/hailo8_uint8_bridge_ab_cache_20260904_070805_1271142/minimal_benchmark_set/native_trt/b038/part2/uint8_cast_fp16/part2_uint8_cast_fp16.engine --fp16 --timingCacheFile=/home/nx/hailo8_uint8_bridge_ab_runs/hailo8_uint8_bridge_ab_cache_20260904_070805_1271142/minimal_benchmark_set/native_trt/b038/part2/uint8_cast_fp16/timing.cache --memPoolSize=workspace:4096
[09/04/2026-09:08:08] [I] === Model Options ===
[09/04/2026-09:08:08] [I] Format: ONNX
[09/04/2026-09:08:08] [I] Model: /home/nx/hailo8_uint8_bridge_ab_runs/hailo8_uint8_bridge_ab_cache_20260904_070805_1271142/minimal_benchmark_set/native_trt/b038/part2/uint8_cast_fp16/source_part2_uint8_cast_bridge.onnx
[09/04/2026-09:08:08] [I] Output:
[09/04/2026-09:08:08] [I] === Build Options ===
[09/04/2026-09:08:08] [I] Memory Pools: workspace: 4096 MiB, dlaSRAM: default, dlaLocalDRAM: default, dlaGlobalDRAM: default, tacticSharedMem: default
[09/04/2026-09:08:08] [I] avgTiming: 8
[09/04/2026-09:08:08] [I] Precision: FP32+FP16
[09/04/2026-09:08:08] [I] LayerPrecisions: 
[09/04/2026-09:08:08] [I] Layer Device Types: 
[09/04/2026-09:08:08] [I] Calibration: 
[09/04/2026-09:08:08] [I] Refit: Disabled
[09/04/2026-09:08:08] [I] Strip weights: Disabled
[09/04/2026-09:08:08] [I] Version Compatible: Disabled
[09/04/2026-09:08:08] [I] ONNX Plugin InstanceNorm: Disabled
[09/04/2026-09:08:08] [I] TensorRT runtime: full
[09/04/2026-09:08:08] [I] Lean DLL Path: 
[09/04/2026-09:08:08] [I] Tempfile Controls: { in_memory: allow, temporary: allow }
[09/04/2026-09:08:08] [I] Exclude Lean Runtime: Disabled
[09/04/2026-09:08:08] [I] Sparsity: Disabled
[09/04/2026-09:08:08] [I] Safe mode: Disabled
[09/04/2026-09:08:08] [I] Build DLA standalone loadable: Disabled
[09/04/2026-09:08:08] [I] Allow GPU fallback for DLA: Disabled
[09/04/2026-09:08:08] [I] DirectIO mode: Disabled
[09/04/2026-09:08:08] [I] Restricted mode: Disabled
[09/04/2026-09:08:08] [I] Skip inference: Disabled
[09/04/2026-09:08:08] [I] Save engine: /home/nx/hailo8_uint8_bridge_ab_runs/hailo8_uint8_bridge_ab_cache_20260904_070805_1271142/minimal_benchmark_set/native_trt/b038/part2/uint8_cast_fp16/part2_uint8_cast_fp16.engine
[09/04/2026-09:08:08] [I] Load engine: 
[09/04/2026-09:08:08] [I] Profiling verbosity: 0
[09/04/2026-09:08:08] [I] Tactic sources: Using default tactic sources
[09/04/2026-09:08:08] [I] timingCacheMode: global
[09/04/2026-09:08:08] [I] timingCacheFile: /home/nx/hailo8_uint8_bridge_ab_runs/hailo8_uint8_bridge_ab_cache_20260904_070805_1271142/minimal_benchmark_set/native_trt/b038/part2/uint8_cast_fp16/timing.cache
[09/04/2026-09:08:08] [I] Enable Compilation Cache: Enabled
[09/04/2026-09:08:08] [I] errorOnTimingCacheMiss: Disabled
[09/04/2026-09:08:08] [I] Preview Features: Use default preview flags.
[09/04/2026-09:08:08] [I] MaxAuxStreams: -1
[09/04/2026-09:08:08] [I] BuilderOptimizationLevel: -1
[09/04/2026-09:08:08] [I] Calibration Profile Index: 0
[09/04/2026-09:08:08] [I] Weight Streaming: Disabled
[09/04/2026-09:08:08] [I] Runtime Platform: Same As Build
[09/04/2026-09:08:08] [I] Debug Tensors: 
[09/04/2026-09:08:08] [I] Input(s)s format: fp32:CHW
[09/04/2026-09:08:08] [I] Output(s)s format: fp32:CHW
[09/04/2026-09:08:08] [I] Input build shapes: model
[09/04/2026-09:08:08] [I] Input calibration shapes: model
[09/04/2026-09:08:08] [I] === System Options ===
[09/04/2026-09:08:08] [I] Device: 0
[09/04/2026-09:08:08] [I] DLACore: 
[09/04/2026-09:08:08] [I] Plugins:
[09/04/2026-09:08:08] [I] setPluginsToSerialize:
[09/04/2026-09:08:08] [I] dynamicPlugins:
[09/04/2026-09:08:08] [I] ignoreParsedPluginLibs: 0
[09/04/2026-09:08:08] [I] 
[09/04/2026-09:08:08] [I] === Inference Options ===
[09/04/2026-09:08:08] [I] Batch: Explicit
[09/04/2026-09:08:08] [I] Input inference shapes: model
[09/04/2026-09:08:08] [I] Iterations: 10
[09/04/2026-09:08:08] [I] Duration: 3s (+ 200ms warm up)
[09/04/2026-09:08:08] [I] Sleep time: 0ms
[09/04/2026-09:08:08] [I] Idle time: 0ms
[09/04/2026-09:08:08] [I] Inference Streams: 1
[09/04/2026-09:08:08] [I] ExposeDMA: Disabled
[09/04/2026-09:08:08] [I] Data transfers: Enabled
[09/04/2026-09:08:08] [I] Spin-wait: Disabled
[09/04/2026-09:08:08] [I] Multithreading: Disabled
[09/04/2026-09:08:08] [I] CUDA Graph: Disabled
[09/04/2026-09:08:08] [I] Separate profiling: Disabled
[09/04/2026-09:08:08] [I] Time Deserialize: Disabled
[09/04/2026-09:08:08] [I] Time Refit: Disabled
[09/04/2026-09:08:08] [I] NVTX verbosity: 0
[09/04/2026-09:08:08] [I] Persistent Cache Ratio: 0
[09/04/2026-09:08:08] [I] Optimization Profile Index: 0
[09/04/2026-09:08:08] [I] Weight Streaming Budget: 100.000000%
[09/04/2026-09:08:08] [I] Inputs:
[09/04/2026-09:08:08] [I] Debug Tensor Save Destinations:
[09/04/2026-09:08:08] [I] === Reporting Options ===
[09/04/2026-09:08:08] [I] Verbose: Disabled
[09/04/2026-09:08:08] [I] Averages: 10 inferences
[09/04/2026-09:08:08] [I] Percentiles: 90,95,99
[09/04/2026-09:08:08] [I] Dump refittable layers:Disabled
[09/04/2026-09:08:08] [I] Dump output: Disabled
[09/04/2026-09:08:08] [I] Profile: Disabled
[09/04/2026-09:08:08] [I] Export timing to JSON file: 
[09/04/2026-09:08:08] [I] Export output to JSON file: 
[09/04/2026-09:08:08] [I] Export profile to JSON file: 
[09/04/2026-09:08:08] [I] 
[09/04/2026-09:08:08] [I] === Device Information ===
[09/04/2026-09:08:08] [I] Available Devices: 
[09/04/2026-09:08:08] [I]   Device 0: "Orin" UUID: GPU-c6e76b9f-667e-5baa-9e42-c4f959ecefca
[09/04/2026-09:08:08] [I] Selected Device: Orin
[09/04/2026-09:08:08] [I] Selected Device ID: 0
[09/04/2026-09:08:08] [I] Selected Device UUID: GPU-c6e76b9f-667e-5baa-9e42-c4f959ecefca
[09/04/2026-09:08:08] [I] Compute Capability: 8.7
[09/04/2026-09:08:08] [I] SMs: 8
[09/04/2026-09:08:08] [I] Device Global Memory: 15655 MiB
[09/04/2026-09:08:08] [I] Shared Memory per SM: 164 KiB
[09/04/2026-09:08:08] [I] Memory Bus Width: 256 bits (ECC disabled)
[09/04/2026-09:08:08] [I] Application Compute Clock Rate: 1.173 GHz
[09/04/2026-09:08:08] [I] Application Memory Clock Rate: 1.173 GHz
[09/04/2026-09:08:08] [I] 
[09/04/2026-09:08:08] [I] Note: The application clock rates do not reflect the actual clock rates that the GPU is currently running at.
[09/04/2026-09:08:08] [I] 
[09/04/2026-09:08:08] [I] TensorRT version: 10.3.0
[09/04/2026-09:08:08] [I] Loading standard plugins
[09/04/2026-09:08:08] [I] [TRT] [MemUsageChange] Init CUDA: CPU +2, GPU +0, now: CPU 31, GPU 3769 (MiB)
[09/04/2026-09:08:10] [I] [TRT] [MemUsageChange] Init builder kernel library: CPU +928, GPU +1035, now: CPU 1002, GPU 4849 (MiB)
[09/04/2026-09:08:10] [I] Start parsing network model.
[09/04/2026-09:08:10] [I] [TRT] ----------------------------------------------------------------
[09/04/2026-09:08:10] [I] [TRT] Input filename:   /home/nx/hailo8_uint8_bridge_ab_runs/hailo8_uint8_bridge_ab_cache_20260904_070805_1271142/minimal_benchmark_set/native_trt/b038/part2/uint8_cast_fp16/source_part2_uint8_cast_bridge.onnx
[09/04/2026-09:08:10] [I] [TRT] ONNX IR version:  0.0.8
[09/04/2026-09:08:10] [I] [TRT] Opset version:    18
[09/04/2026-09:08:10] [I] [TRT] Producer name:    kmd-onnx-split+uint8_bridge
[09/04/2026-09:08:10] [I] [TRT] Producer version: 2.12.0
[09/04/2026-09:08:10] [I] [TRT] Domain:           
[09/04/2026-09:08:10] [I] [TRT] Model version:    0
[09/04/2026-09:08:10] [I] [TRT] Doc string:       
[09/04/2026-09:08:10] [I] [TRT] ----------------------------------------------------------------
[09/04/2026-09:08:10] [I] Finished parsing network model. Parse time: 0.0499481
[09/04/2026-09:08:10] [W] [TRT] Could not read timing cache from: /home/nx/hailo8_uint8_bridge_ab_runs/hailo8_uint8_bridge_ab_cache_20260904_070805_1271142/minimal_benchmark_set/native_trt/b038/part2/uint8_cast_fp16/timing.cache. A new timing cache will be generated and written.
[09/04/2026-09:08:10] [I] [TRT] Global timing cache in use. Profiling results in this builder pass will be stored.
[09/04/2026-09:13:29] [I] [TRT] Detected 1 inputs and 1 output network tensors.
[09/04/2026-09:13:35] [I] [TRT] Total Host Persistent Memory: 547584
[09/04/2026-09:13:35] [I] [TRT] Total Device Persistent Memory: 1024
[09/04/2026-09:13:35] [I] [TRT] Total Scratch Memory: 2764800
[09/04/2026-09:13:35] [I] [TRT] [BlockAssignment] Started assigning block shifts. This will take 163 steps to complete.
[09/04/2026-09:13:35] [I] [TRT] [BlockAssignment] Algorithm ShiftNTopDown took 15.9813ms to assign 13 blocks to 163 nodes requiring 15975424 bytes.
[09/04/2026-09:13:35] [I] [TRT] Total Activation Memory: 15974400
[09/04/2026-09:13:35] [I] [TRT] Total Weights Memory: 18476064
[09/04/2026-09:13:35] [I] [TRT] Engine generation completed in 324.856 seconds.
[09/04/2026-09:13:35] [I] [TRT] [MemUsageStats] Peak memory usage of TRT CPU/GPU memory allocators: CPU 2 MiB, GPU 48 MiB
[09/04/2026-09:13:35] [I] [TRT] [MemUsageStats] Peak memory usage during Engine building and serialization: CPU: 1825 MiB
[09/04/2026-09:13:35] [I] Engine built in 324.982 sec.
[09/04/2026-09:13:35] [I] Created engine with size: 20.7374 MiB
[09/04/2026-09:13:35] [I] [TRT] Serialized 617 bytes of code generator cache.
[09/04/2026-09:13:35] [I] [TRT] Serialized 311317 bytes of compilation cache.
[09/04/2026-09:13:35] [I] [TRT] Serialized 5806 timing cache entries
[09/04/2026-09:13:35] [I] [TRT] Saved 915930 bytes of timing cache to /home/nx/hailo8_uint8_bridge_ab_runs/hailo8_uint8_bridge_ab_cache_20260904_070805_1271142/minimal_benchmark_set/native_trt/b038/part2/uint8_cast_fp16/timing.cache
[09/04/2026-09:13:35] [I] [TRT] Loaded engine size: 20 MiB
[09/04/2026-09:13:35] [I] Engine deserialized in 0.0506523 sec.
[09/04/2026-09:13:35] [I] [TRT] [MemUsageChange] TensorRT-managed allocation in IExecutionContext creation: CPU +0, GPU +15, now: CPU 0, GPU 32 (MiB)
[09/04/2026-09:13:35] [I] Setting persistentCacheLimit to 0 bytes.
[09/04/2026-09:13:35] [I] Created execution context with device memory size: 15.2344 MiB
[09/04/2026-09:13:35] [I] Using random values for input /model.4/cv2/act/Mul_output_0
[09/04/2026-09:13:35] [I] Input binding for /model.4/cv2/act/Mul_output_0 with dimensions 1x256x80x80 is created.
[09/04/2026-09:13:35] [I] Output binding for output0 with dimensions 1x300x6 is created.
[09/04/2026-09:13:35] [I] Starting inference
[09/04/2026-09:13:38] [I] Warmup completed 46 queries over 200 ms
[09/04/2026-09:13:38] [I] Timing trace has 680 queries over 3.01124 s
[09/04/2026-09:13:38] [I] 
[09/04/2026-09:13:38] [I] === Trace details ===
[09/04/2026-09:13:38] [I] Trace averages of 10 runs:
[09/04/2026-09:13:38] [I] Average on 10 runs - GPU latency: 4.42218 ms - Host latency: 4.53411 ms (enqueue 1.33613 ms)
[09/04/2026-09:13:38] [I] Average on 10 runs - GPU latency: 4.41401 ms - Host latency: 4.5216 ms (enqueue 1.33593 ms)
[09/04/2026-09:13:38] [I] Average on 10 runs - GPU latency: 4.42221 ms - Host latency: 4.53032 ms (enqueue 1.32825 ms)
[09/04/2026-09:13:38] [I] Average on 10 runs - GPU latency: 4.42065 ms - Host latency: 4.53052 ms (enqueue 1.32935 ms)
[09/04/2026-09:13:38] [I] Average on 10 runs - GPU latency: 4.42024 ms - Host latency: 4.53005 ms (enqueue 1.33358 ms)
[09/04/2026-09:13:38] [I] Average on 10 runs - GPU latency: 4.4189 ms - Host latency: 4.52651 ms (enqueue 1.33227 ms)
[09/04/2026-09:13:38] [I] Average on 10 runs - GPU latency: 4.41833 ms - Host latency: 4.52838 ms (enqueue 1.32824 ms)
[09/04/2026-09:13:38] [I] Average on 10 runs - GPU latency: 4.4183 ms - Host latency: 4.52636 ms (enqueue 1.32878 ms)
[09/04/2026-09:13:38] [I] Average on 10 runs - GPU latency: 4.41944 ms - Host latency: 4.5258 ms (enqueue 1.33114 ms)
[09/04/2026-09:13:38] [I] Average on 10 runs - GPU latency: 4.41948 ms - Host latency: 4.5293 ms (enqueue 1.3257 ms)
[09/04/2026-09:13:38] [I] Average on 10 runs - GPU latency: 4.42162 ms - Host latency: 4.53203 ms (enqueue 1.32338 ms)
[09/04/2026-09:13:38] [I] Average on 10 runs - GPU latency: 4.41967 ms - Host latency: 4.52784 ms (enqueue 1.33013 ms)
[09/04/2026-09:13:38] [I] Average on 10 runs - GPU latency: 4.41824 ms - Host latency: 4.52853 ms (enqueue 1.33286 ms)
[09/04/2026-09:13:38] [I] Average on 10 runs - GPU latency: 4.41771 ms - Host latency: 4.52745 ms (enqueue 1.33354 ms)
[09/04/2026-09:13:38] [I] Average on 10 runs - GPU latency: 4.42015 ms - Host latency: 4.52897 ms (enqueue 1.32618 ms)
[09/04/2026-09:13:38] [I] Average on 10 runs - GPU latency: 4.41688 ms - Host latency: 4.52778 ms (enqueue 1.33711 ms)
[09/04/2026-09:13:38] [I] Average on 10 runs - GPU latency: 4.42144 ms - Host latency: 4.52962 ms (enqueue 1.33236 ms)
[09/04/2026-09:13:38] [I] Average on 10 runs - GPU latency: 4.42032 ms - Host latency: 4.52905 ms (enqueue 1.33261 ms)
[09/04/2026-09:13:38] [I] Average on 10 runs - GPU latency: 4.42133 ms - Host latency: 4.5304 ms (enqueue 1.32853 ms)
[09/04/2026-09:13:38] [I] Average on 10 runs - GPU latency: 4.41814 ms - Host latency: 4.52861 ms (enqueue 1.33351 ms)
[09/04/2026-09:13:38] [I] Average on 10 runs - GPU latency: 4.421 ms - Host latency: 4.53087 ms (enqueue 1.32854 ms)
[09/04/2026-09:13:38] [I] Average on 10 runs - GPU latency: 4.42209 ms - Host latency: 4.53004 ms (enqueue 1.35144 ms)
[09/04/2026-09:13:38] [I] Average on 10 runs - GPU latency: 4.41964 ms - Host latency: 4.53005 ms (enqueue 1.33239 ms)
[09/04/2026-09:13:38] [I] Average on 10 runs - GPU latency: 4.42104 ms - Host latency: 4.52964 ms (enqueue 1.33071 ms)
[09/04/2026-09:13:38] [I] Average on 10 runs - GPU latency: 4.41782 ms - Host latency: 4.52712 ms (enqueue 1.32594 ms)
[09/04/2026-09:13:38] [I] Average on 10 runs - GPU latency: 4.41852 ms - Host latency: 4.52838 ms (enqueue 1.32928 ms)
[09/04/2026-09:13:38] [I] Average on 10 runs - GPU latency: 4.42134 ms - Host latency: 4.53138 ms (enqueue 1.33152 ms)
[09/04/2026-09:13:38] [I] Average on 10 runs - GPU latency: 4.42064 ms - Host latency: 4.53311 ms (enqueue 1.32966 ms)
[09/04/2026-09:13:38] [I] Average on 10 runs - GPU latency: 4.41659 ms - Host latency: 4.52528 ms (enqueue 1.31783 ms)
[09/04/2026-09:13:38] [I] Average on 10 runs - GPU latency: 4.41926 ms - Host latency: 4.52728 ms (enqueue 1.31309 ms)
[09/04/2026-09:13:38] [I] Average on 10 runs - GPU latency: 4.41968 ms - Host latency: 4.52902 ms (enqueue 1.31208 ms)
[09/04/2026-09:13:38] [I] Average on 10 runs - GPU latency: 4.41724 ms - Host latency: 4.52895 ms (enqueue 1.31902 ms)
[09/04/2026-09:13:38] [I] Average on 10 runs - GPU latency: 4.41786 ms - Host latency: 4.52493 ms (enqueue 1.31925 ms)
[09/04/2026-09:13:38] [I] Average on 10 runs - GPU latency: 4.41681 ms - Host latency: 4.52609 ms (enqueue 1.31727 ms)
[09/04/2026-09:13:38] [I] Average on 10 runs - GPU latency: 4.42003 ms - Host latency: 4.53007 ms (enqueue 1.31498 ms)
[09/04/2026-09:13:38] [I] Average on 10 runs - GPU latency: 4.42156 ms - Host latency: 4.53245 ms (enqueue 1.31981 ms)
[09/04/2026-09:13:38] [I] Average on 10 runs - GPU latency: 4.41646 ms - Host latency: 4.52791 ms (enqueue 1.32056 ms)
[09/04/2026-09:13:38] [I] Average on 10 runs - GPU latency: 4.41932 ms - Host latency: 4.53126 ms (enqueue 1.31696 ms)
[09/04/2026-09:13:38] [I] Average on 10 runs - GPU latency: 4.4196 ms - Host latency: 4.52831 ms (enqueue 1.3178 ms)
[09/04/2026-09:13:38] [I] Average on 10 runs - GPU latency: 4.41663 ms - Host latency: 4.52662 ms (enqueue 1.31477 ms)
[09/04/2026-09:13:38] [I] Average on 10 runs - GPU latency: 4.42108 ms - Host latency: 4.53124 ms (enqueue 1.32571 ms)
[09/04/2026-09:13:38] [I] Average on 10 runs - GPU latency: 4.41759 ms - Host latency: 4.52657 ms (enqueue 1.32784 ms)
[09/04/2026-09:13:38] [I] Average on 10 runs - GPU latency: 4.41736 ms - Host latency: 4.52625 ms (enqueue 1.33232 ms)
[09/04/2026-09:13:38] [I] Average on 10 runs - GPU latency: 4.41777 ms - Host latency: 4.52483 ms (enqueue 1.32415 ms)
[09/04/2026-09:13:38] [I] Average on 10 runs - GPU latency: 4.42358 ms - Host latency: 4.53386 ms (enqueue 1.33628 ms)
[09/04/2026-09:13:38] [I] Average on 10 runs - GPU latency: 4.41841 ms - Host latency: 4.52588 ms (enqueue 1.31704 ms)
[09/04/2026-09:13:38] [I] Average on 10 runs - GPU latency: 4.41816 ms - Host latency: 4.52993 ms (enqueue 1.32148 ms)
[09/04/2026-09:13:38] [I] Average on 10 runs - GPU latency: 4.42078 ms - Host latency: 4.53113 ms (enqueue 1.32495 ms)
[09/04/2026-09:13:38] [I] Average on 10 runs - GPU latency: 4.41814 ms - Host latency: 4.52898 ms (enqueue 1.3166 ms)
[09/04/2026-09:13:38] [I] Average on 10 runs - GPU latency: 4.41855 ms - Host latency: 4.52908 ms (enqueue 1.32061 ms)
[09/04/2026-09:13:38] [I] Average on 10 runs - GPU latency: 4.41865 ms - Host latency: 4.52798 ms (enqueue 1.32224 ms)
[09/04/2026-09:13:38] [I] Average on 10 runs - GPU latency: 4.42075 ms - Host latency: 4.53084 ms (enqueue 1.32759 ms)
[09/04/2026-09:13:38] [I] Average on 10 runs - GPU latency: 4.41848 ms - Host latency: 4.52983 ms (enqueue 1.32239 ms)
[09/04/2026-09:13:38] [I] Average on 10 runs - GPU latency: 4.42095 ms - Host latency: 4.53171 ms (enqueue 1.31765 ms)
[09/04/2026-09:13:38] [I] Average on 10 runs - GPU latency: 4.41987 ms - Host latency: 4.53103 ms (enqueue 1.32278 ms)
[09/04/2026-09:13:38] [I] Average on 10 runs - GPU latency: 4.41831 ms - Host latency: 4.52803 ms (enqueue 1.32341 ms)
[09/04/2026-09:13:38] [I] Average on 10 runs - GPU latency: 4.42146 ms - Host latency: 4.53381 ms (enqueue 1.32273 ms)
[09/04/2026-09:13:38] [I] Average on 10 runs - GPU latency: 4.42217 ms - Host latency: 4.52971 ms (enqueue 1.32004 ms)
[09/04/2026-09:13:38] [I] Average on 10 runs - GPU latency: 4.42039 ms - Host latency: 4.53193 ms (enqueue 1.31833 ms)
[09/04/2026-09:13:38] [I] Average on 10 runs - GPU latency: 4.4186 ms - Host latency: 4.52805 ms (enqueue 1.31929 ms)
[09/04/2026-09:13:38] [I] Average on 10 runs - GPU latency: 4.42083 ms - Host latency: 4.53274 ms (enqueue 1.32026 ms)
[09/04/2026-09:13:38] [I] Average on 10 runs - GPU latency: 4.41885 ms - Host latency: 4.52852 ms (enqueue 1.3146 ms)
[09/04/2026-09:13:38] [I] Average on 10 runs - GPU latency: 4.4189 ms - Host latency: 4.52773 ms (enqueue 1.32224 ms)
[09/04/2026-09:13:38] [I] Average on 10 runs - GPU latency: 4.42024 ms - Host latency: 4.53066 ms (enqueue 1.32449 ms)
[09/04/2026-09:13:38] [I] Average on 10 runs - GPU latency: 4.41777 ms - Host latency: 4.52822 ms (enqueue 1.32468 ms)
[09/04/2026-09:13:38] [I] Average on 10 runs - GPU latency: 4.41982 ms - Host latency: 4.52717 ms (enqueue 1.31562 ms)
[09/04/2026-09:13:38] [I] Average on 10 runs - GPU latency: 4.42039 ms - Host latency: 4.52839 ms (enqueue 1.31809 ms)
[09/04/2026-09:13:38] [I] Average on 10 runs - GPU latency: 4.41895 ms - Host latency: 4.52788 ms (enqueue 1.33792 ms)
[09/04/2026-09:13:38] [I] 
[09/04/2026-09:13:38] [I] === Performance summary ===
[09/04/2026-09:13:38] [I] Throughput: 225.821 qps
[09/04/2026-09:13:38] [I] Latency: min = 4.49561 ms, max = 4.56445 ms, mean = 4.52903 ms, median = 4.52837 ms, percentile(90%) = 4.54199 ms, percentile(95%) = 4.54614 ms, percentile(99%) = 4.55225 ms
[09/04/2026-09:13:38] [I] Enqueue Time: min = 1.28149 ms, max = 1.50342 ms, mean = 1.32535 ms, median = 1.31927 ms, percentile(90%) = 1.35449 ms, percentile(95%) = 1.3642 ms, percentile(99%) = 1.37976 ms
[09/04/2026-09:13:38] [I] H2D Latency: min = 0.085083 ms, max = 0.123047 ms, mean = 0.0992424 ms, median = 0.0983887 ms, percentile(90%) = 0.107117 ms, percentile(95%) = 0.108887 ms, percentile(99%) = 0.111328 ms
[09/04/2026-09:13:38] [I] GPU Compute Time: min = 4.39478 ms, max = 4.448 ms, mean = 4.4194 ms, median = 4.41916 ms, percentile(90%) = 4.42743 ms, percentile(95%) = 4.42969 ms, percentile(99%) = 4.43506 ms
[09/04/2026-09:13:38] [I] D2H Latency: min = 0.00317383 ms, max = 0.0192871 ms, mean = 0.0103876 ms, median = 0.00878906 ms, percentile(90%) = 0.017334 ms, percentile(95%) = 0.0178223 ms, percentile(99%) = 0.0185547 ms
[09/04/2026-09:13:38] [I] Total Host Walltime: 3.01124 s
[09/04/2026-09:13:38] [I] Total GPU Compute Time: 3.00519 s
[09/04/2026-09:13:38] [I] Explanations of the performance metrics are printed in the verbose logs.
[09/04/2026-09:13:38] [I] 
&&&& PASSED TensorRT.trtexec [TensorRT v100300] # /usr/src/tensorrt/bin/trtexec --onnx=/home/nx/hailo8_uint8_bridge_ab_runs/hailo8_uint8_bridge_ab_cache_20260904_070805_1271142/minimal_benchmark_set/native_trt/b038/part2/uint8_cast_fp16/source_part2_uint8_cast_bridge.onnx --saveEngine=/home/nx/hailo8_uint8_bridge_ab_runs/hailo8_uint8_bridge_ab_cache_20260904_070805_1271142/minimal_benchmark_set/native_trt/b038/part2/uint8_cast_fp16/part2_uint8_cast_fp16.engine --fp16 --timingCacheFile=/home/nx/hailo8_uint8_bridge_ab_runs/hailo8_uint8_bridge_ab_cache_20260904_070805_1271142/minimal_benchmark_set/native_trt/b038/part2/uint8_cast_fp16/timing.cache --memPoolSize=workspace:4096
