[2026-09-01 09:22:48.651] [724799] [HailoRT] [info] [vdevice.cpp:523] [create] Creating vdevice with params: device_count: 1, scheduling_algorithm: ROUND_ROBIN, multi_process_service: false
[2026-09-01 09:22:48.670] [724799] [HailoRT] [info] [device.cpp:49] [Device] OS Version: Linux 5.15.148-tegra #1 SMP PREEMPT Thu Sep 18 15:08:33 PDT 2025 aarch64
[2026-09-01 09:22:48.672] [724799] [HailoRT] [info] [control.cpp:108] [control__parse_identify_results] firmware_version is: 4.20.0
[2026-09-01 09:22:48.672] [724799] [HailoRT] [info] [vdevice.cpp:651] [create] VDevice Infos: 0004:01:00.0
[2026-09-01 09:22:48.683] [724799] [HailoRT] [info] [internal_buffer_manager.cpp:202] [print_execution_results] Default Internal buffer planner failed to meet requirements
[2026-09-01 09:22:48.683] [724799] [HailoRT] [info] [internal_buffer_manager.cpp:212] [print_execution_results] Default Internal buffer planner executed successfully
[2026-09-01 09:22:48.688] [724799] [HailoRT] [info] [device_internal.cpp:57] [configure] Configuring HEF took 10.265249 milliseconds
[2026-09-01 09:22:48.701] [724799] [HailoRT] [info] [vdevice.cpp:749] [configure] Configuring HEF on VDevice took 22.981582 milliseconds
[2026-09-01 09:22:48.701] [724799] [HailoRT] [info] [edge_elements.cpp:52] [create] Created (HwWriteEl13yolov7_paper_part1_b66/input_layer1 | hw_frame_size: 1228800)
[2026-09-01 09:22:48.701] [724799] [HailoRT] [info] [vstream.cpp:754] [InputVStreamImpl] Creating yolov7_paper_part1_b66/input_layer1...
[2026-09-01 09:22:48.701] [724799] [HailoRT] [info] [vstream_builder.cpp:102] [create_inputs] Input pipeline 'yolov7_paper_part1_b66/input_layer1': (HwWriteEl13yolov7_paper_part1_b66/input_layer1 | hw_frame_size: 1228800) >> HW
[2026-09-01 09:22:48.701] [724799] [HailoRT] [info] [edge_elements.cpp:287] [create] Created (HwReadEl12yolov7_paper_part1_b66/conv21 | hw_frame_size: 3276800)
[2026-09-01 09:22:48.701] [724799] [HailoRT] [info] [queue_elements.cpp:800] [create] Created (UserBuffQEl12yolov7_paper_part1_b66/conv21 | timeout: 10s)
[2026-09-01 09:22:48.701] [724799] [HailoRT] [info] [vstream.cpp:1114] [OutputVStreamImpl] Creating yolov7_paper_part1_b66/conv21...
[2026-09-01 09:22:48.701] [724799] [HailoRT] [info] [vstream_builder.cpp:220] [create_outputs] Output pipeline 'yolov7_paper_part1_b66/conv21': HW >> (HwReadEl12yolov7_paper_part1_b66/conv21 | hw_frame_size: 3276800) >> (UserBuffQEl12yolov7_paper_part1_b66/conv21 | timeout: 10s)
[2026-09-01 09:23:00.257] [724893] [HailoRT] [info] [queue_elements.cpp:855] [run_in_thread] Shutdown event was signaled in dequeue of UserBuffQEl12yolov7_paper_part1_b66/conv21!
[2026-09-01 09:23:00.257] [724893] [HailoRT] [info] [queue_elements.cpp:68] [operator()] Thread in element UserBuffQEl12yolov7_paper_part1_b66/conv21 is not running anymore, exiting..
[2026-09-01 09:23:00.257] [724799] [HailoRT] [info] [queue_elements.cpp:46] [~BaseQueueElement] Queue element UserBuffQEl12yolov7_paper_part1_b66/conv21 has 0 frames in his Queue on destruction
[2026-09-01 09:23:00.336] [724799] [HailoRT] [info] [vdevice.cpp:523] [create] Creating vdevice with params: device_count: 1, scheduling_algorithm: ROUND_ROBIN, multi_process_service: false
[2026-09-01 09:23:00.354] [724799] [HailoRT] [info] [device.cpp:49] [Device] OS Version: Linux 5.15.148-tegra #1 SMP PREEMPT Thu Sep 18 15:08:33 PDT 2025 aarch64
[2026-09-01 09:23:00.356] [724799] [HailoRT] [info] [control.cpp:108] [control__parse_identify_results] firmware_version is: 4.20.0
[2026-09-01 09:23:00.356] [724799] [HailoRT] [info] [vdevice.cpp:651] [create] VDevice Infos: 0004:01:00.0
[2026-09-01 09:23:00.367] [724799] [HailoRT] [info] [internal_buffer_manager.cpp:202] [print_execution_results] Default Internal buffer planner failed to meet requirements
[2026-09-01 09:23:00.367] [724799] [HailoRT] [info] [internal_buffer_manager.cpp:212] [print_execution_results] Default Internal buffer planner executed successfully
[2026-09-01 09:23:00.373] [724799] [HailoRT] [info] [device_internal.cpp:57] [configure] Configuring HEF took 10.674001 milliseconds
[2026-09-01 09:23:00.385] [724799] [HailoRT] [info] [vdevice.cpp:749] [configure] Configuring HEF on VDevice took 23.510658 milliseconds
[2026-09-01 09:23:00.385] [724799] [HailoRT] [info] [edge_elements.cpp:52] [create] Created (HwWriteEl13yolov7_paper_part1_b66/input_layer1 | hw_frame_size: 1228800)
[2026-09-01 09:23:00.385] [724799] [HailoRT] [info] [vstream.cpp:754] [InputVStreamImpl] Creating yolov7_paper_part1_b66/input_layer1...
[2026-09-01 09:23:00.385] [724799] [HailoRT] [info] [vstream_builder.cpp:102] [create_inputs] Input pipeline 'yolov7_paper_part1_b66/input_layer1': (HwWriteEl13yolov7_paper_part1_b66/input_layer1 | hw_frame_size: 1228800) >> HW
[2026-09-01 09:23:00.386] [724799] [HailoRT] [info] [edge_elements.cpp:287] [create] Created (HwReadEl12yolov7_paper_part1_b66/conv21 | hw_frame_size: 3276800)
[2026-09-01 09:23:00.386] [724799] [HailoRT] [info] [queue_elements.cpp:800] [create] Created (UserBuffQEl12yolov7_paper_part1_b66/conv21 | timeout: 10s)
[2026-09-01 09:23:00.386] [724799] [HailoRT] [info] [vstream.cpp:1114] [OutputVStreamImpl] Creating yolov7_paper_part1_b66/conv21...
[2026-09-01 09:23:00.386] [724799] [HailoRT] [info] [vstream_builder.cpp:220] [create_outputs] Output pipeline 'yolov7_paper_part1_b66/conv21': HW >> (HwReadEl12yolov7_paper_part1_b66/conv21 | hw_frame_size: 3276800) >> (UserBuffQEl12yolov7_paper_part1_b66/conv21 | timeout: 10s)
[2026-09-01 09:23:11.817] [724922] [HailoRT] [info] [queue_elements.cpp:855] [run_in_thread] Shutdown event was signaled in dequeue of UserBuffQEl12yolov7_paper_part1_b66/conv21!
[2026-09-01 09:23:11.817] [724922] [HailoRT] [info] [queue_elements.cpp:68] [operator()] Thread in element UserBuffQEl12yolov7_paper_part1_b66/conv21 is not running anymore, exiting..
[2026-09-01 09:23:11.817] [724799] [HailoRT] [info] [queue_elements.cpp:46] [~BaseQueueElement] Queue element UserBuffQEl12yolov7_paper_part1_b66/conv21 has 0 frames in his Queue on destruction
[2026-09-01 09:23:11.895] [724799] [HailoRT] [info] [vdevice.cpp:523] [create] Creating vdevice with params: device_count: 1, scheduling_algorithm: ROUND_ROBIN, multi_process_service: false
[2026-09-01 09:23:11.914] [724799] [HailoRT] [info] [device.cpp:49] [Device] OS Version: Linux 5.15.148-tegra #1 SMP PREEMPT Thu Sep 18 15:08:33 PDT 2025 aarch64
[2026-09-01 09:23:11.916] [724799] [HailoRT] [info] [control.cpp:108] [control__parse_identify_results] firmware_version is: 4.20.0
[2026-09-01 09:23:11.916] [724799] [HailoRT] [info] [vdevice.cpp:651] [create] VDevice Infos: 0004:01:00.0
[2026-09-01 09:23:11.927] [724799] [HailoRT] [info] [internal_buffer_manager.cpp:202] [print_execution_results] Default Internal buffer planner failed to meet requirements
[2026-09-01 09:23:11.927] [724799] [HailoRT] [info] [internal_buffer_manager.cpp:212] [print_execution_results] Default Internal buffer planner executed successfully
[2026-09-01 09:23:11.933] [724799] [HailoRT] [info] [device_internal.cpp:57] [configure] Configuring HEF took 10.865592 milliseconds
[2026-09-01 09:23:11.946] [724799] [HailoRT] [info] [vdevice.cpp:749] [configure] Configuring HEF on VDevice took 23.642627 milliseconds
[2026-09-01 09:23:11.946] [724799] [HailoRT] [info] [edge_elements.cpp:52] [create] Created (HwWriteEl13yolov7_paper_part1_b66/input_layer1 | hw_frame_size: 1228800)
[2026-09-01 09:23:11.946] [724799] [HailoRT] [info] [vstream.cpp:754] [InputVStreamImpl] Creating yolov7_paper_part1_b66/input_layer1...
[2026-09-01 09:23:11.946] [724799] [HailoRT] [info] [vstream_builder.cpp:102] [create_inputs] Input pipeline 'yolov7_paper_part1_b66/input_layer1': (HwWriteEl13yolov7_paper_part1_b66/input_layer1 | hw_frame_size: 1228800) >> HW
[2026-09-01 09:23:11.946] [724799] [HailoRT] [info] [edge_elements.cpp:287] [create] Created (HwReadEl12yolov7_paper_part1_b66/conv21 | hw_frame_size: 3276800)
[2026-09-01 09:23:11.946] [724799] [HailoRT] [info] [queue_elements.cpp:800] [create] Created (UserBuffQEl12yolov7_paper_part1_b66/conv21 | timeout: 10s)
[2026-09-01 09:23:11.946] [724799] [HailoRT] [info] [vstream.cpp:1114] [OutputVStreamImpl] Creating yolov7_paper_part1_b66/conv21...
[2026-09-01 09:23:11.946] [724799] [HailoRT] [info] [vstream_builder.cpp:220] [create_outputs] Output pipeline 'yolov7_paper_part1_b66/conv21': HW >> (HwReadEl12yolov7_paper_part1_b66/conv21 | hw_frame_size: 3276800) >> (UserBuffQEl12yolov7_paper_part1_b66/conv21 | timeout: 10s)
[2026-09-01 09:23:23.401] [724951] [HailoRT] [info] [queue_elements.cpp:855] [run_in_thread] Shutdown event was signaled in dequeue of UserBuffQEl12yolov7_paper_part1_b66/conv21!
[2026-09-01 09:23:23.401] [724951] [HailoRT] [info] [queue_elements.cpp:68] [operator()] Thread in element UserBuffQEl12yolov7_paper_part1_b66/conv21 is not running anymore, exiting..
[2026-09-01 09:23:23.401] [724799] [HailoRT] [info] [queue_elements.cpp:46] [~BaseQueueElement] Queue element UserBuffQEl12yolov7_paper_part1_b66/conv21 has 0 frames in his Queue on destruction
[2026-09-01 09:23:23.467] [724799] [HailoRT] [info] [vdevice.cpp:523] [create] Creating vdevice with params: device_count: 1, scheduling_algorithm: ROUND_ROBIN, multi_process_service: false
[2026-09-01 09:23:23.486] [724799] [HailoRT] [info] [device.cpp:49] [Device] OS Version: Linux 5.15.148-tegra #1 SMP PREEMPT Thu Sep 18 15:08:33 PDT 2025 aarch64
[2026-09-01 09:23:23.488] [724799] [HailoRT] [info] [control.cpp:108] [control__parse_identify_results] firmware_version is: 4.20.0
[2026-09-01 09:23:23.488] [724799] [HailoRT] [info] [vdevice.cpp:651] [create] VDevice Infos: 0004:01:00.0
[2026-09-01 09:23:23.499] [724799] [HailoRT] [info] [internal_buffer_manager.cpp:202] [print_execution_results] Default Internal buffer planner failed to meet requirements
[2026-09-01 09:23:23.499] [724799] [HailoRT] [info] [internal_buffer_manager.cpp:212] [print_execution_results] Default Internal buffer planner executed successfully
[2026-09-01 09:23:23.505] [724799] [HailoRT] [info] [device_internal.cpp:57] [configure] Configuring HEF took 10.841109 milliseconds
[2026-09-01 09:23:23.518] [724799] [HailoRT] [info] [vdevice.cpp:749] [configure] Configuring HEF on VDevice took 23.577021 milliseconds
[2026-09-01 09:23:23.518] [724799] [HailoRT] [info] [edge_elements.cpp:52] [create] Created (HwWriteEl13yolov7_paper_part1_b66/input_layer1 | hw_frame_size: 1228800)
[2026-09-01 09:23:23.518] [724799] [HailoRT] [info] [vstream.cpp:754] [InputVStreamImpl] Creating yolov7_paper_part1_b66/input_layer1...
[2026-09-01 09:23:23.518] [724799] [HailoRT] [info] [vstream_builder.cpp:102] [create_inputs] Input pipeline 'yolov7_paper_part1_b66/input_layer1': (HwWriteEl13yolov7_paper_part1_b66/input_layer1 | hw_frame_size: 1228800) >> HW
[2026-09-01 09:23:23.518] [724799] [HailoRT] [info] [edge_elements.cpp:287] [create] Created (HwReadEl12yolov7_paper_part1_b66/conv21 | hw_frame_size: 3276800)
[2026-09-01 09:23:23.518] [724799] [HailoRT] [info] [queue_elements.cpp:800] [create] Created (UserBuffQEl12yolov7_paper_part1_b66/conv21 | timeout: 10s)
[2026-09-01 09:23:23.518] [724799] [HailoRT] [info] [vstream.cpp:1114] [OutputVStreamImpl] Creating yolov7_paper_part1_b66/conv21...
[2026-09-01 09:23:23.518] [724799] [HailoRT] [info] [vstream_builder.cpp:220] [create_outputs] Output pipeline 'yolov7_paper_part1_b66/conv21': HW >> (HwReadEl12yolov7_paper_part1_b66/conv21 | hw_frame_size: 3276800) >> (UserBuffQEl12yolov7_paper_part1_b66/conv21 | timeout: 10s)
[2026-09-01 09:23:23.670] [724980] [HailoRT] [info] [queue_elements.cpp:855] [run_in_thread] Shutdown event was signaled in dequeue of UserBuffQEl12yolov7_paper_part1_b66/conv21!
[2026-09-01 09:23:23.670] [724980] [HailoRT] [info] [queue_elements.cpp:68] [operator()] Thread in element UserBuffQEl12yolov7_paper_part1_b66/conv21 is not running anymore, exiting..
[2026-09-01 09:23:23.670] [724799] [HailoRT] [info] [queue_elements.cpp:46] [~BaseQueueElement] Queue element UserBuffQEl12yolov7_paper_part1_b66/conv21 has 0 frames in his Queue on destruction
